Archive member included because of file (symbol)

/usr/lib/gcc/avr/4.3.5/../../../avr/lib/avr4/libm.a(addsf3.o)
                              main.o (__subsf3)
/usr/lib/gcc/avr/4.3.5/../../../avr/lib/avr4/libm.a(addsf3x.o)
                              /usr/lib/gcc/avr/4.3.5/../../../avr/lib/avr4/libm.a(addsf3.o) (__addsf3x)
/usr/lib/gcc/avr/4.3.5/../../../avr/lib/avr4/libm.a(divsf3.o)
                              main.o (__divsf3)
/usr/lib/gcc/avr/4.3.5/../../../avr/lib/avr4/libm.a(divsf3x.o)
                              /usr/lib/gcc/avr/4.3.5/../../../avr/lib/avr4/libm.a(divsf3.o) (__divsf3x)
/usr/lib/gcc/avr/4.3.5/../../../avr/lib/avr4/libm.a(fixsfsi.o)
                              main.o (__fixsfsi)
/usr/lib/gcc/avr/4.3.5/../../../avr/lib/avr4/libm.a(fixunssfsi.o)
                              /usr/lib/gcc/avr/4.3.5/../../../avr/lib/avr4/libm.a(fixsfsi.o) (__fixunssfsi)
/usr/lib/gcc/avr/4.3.5/../../../avr/lib/avr4/libm.a(floatsisf.o)
                              main.o (__floatsisf)
/usr/lib/gcc/avr/4.3.5/../../../avr/lib/avr4/libm.a(fp_inf.o)
                              /usr/lib/gcc/avr/4.3.5/../../../avr/lib/avr4/libm.a(addsf3x.o) (__fp_inf)
/usr/lib/gcc/avr/4.3.5/../../../avr/lib/avr4/libm.a(fp_nan.o)
                              /usr/lib/gcc/avr/4.3.5/../../../avr/lib/avr4/libm.a(addsf3x.o) (__fp_nan)
/usr/lib/gcc/avr/4.3.5/../../../avr/lib/avr4/libm.a(fp_pscA.o)
                              /usr/lib/gcc/avr/4.3.5/../../../avr/lib/avr4/libm.a(addsf3x.o) (__fp_pscA)
/usr/lib/gcc/avr/4.3.5/../../../avr/lib/avr4/libm.a(fp_pscB.o)
                              /usr/lib/gcc/avr/4.3.5/../../../avr/lib/avr4/libm.a(addsf3x.o) (__fp_pscB)
/usr/lib/gcc/avr/4.3.5/../../../avr/lib/avr4/libm.a(fp_round.o)
                              /usr/lib/gcc/avr/4.3.5/../../../avr/lib/avr4/libm.a(addsf3.o) (__fp_round)
/usr/lib/gcc/avr/4.3.5/../../../avr/lib/avr4/libm.a(fp_split3.o)
                              /usr/lib/gcc/avr/4.3.5/../../../avr/lib/avr4/libm.a(addsf3x.o) (__fp_split3)
/usr/lib/gcc/avr/4.3.5/../../../avr/lib/avr4/libm.a(fp_zero.o)
                              /usr/lib/gcc/avr/4.3.5/../../../avr/lib/avr4/libm.a(addsf3x.o) (__fp_zero)
/usr/lib/gcc/avr/4.3.5/../../../avr/lib/avr4/libm.a(mulsf3.o)
                              main.o (__mulsf3)
/usr/lib/gcc/avr/4.3.5/../../../avr/lib/avr4/libm.a(mulsf3x.o)
                              /usr/lib/gcc/avr/4.3.5/../../../avr/lib/avr4/libm.a(mulsf3.o) (__mulsf3x)
/usr/lib/gcc/avr/4.3.5/avr4/libgcc.a(_exit.o)
                              /usr/lib/gcc/avr/4.3.5/../../../avr/lib/avr4/crtm8.o (exit)
/usr/lib/gcc/avr/4.3.5/avr4/libgcc.a(_copy_data.o)
                              main.o (__do_copy_data)
/usr/lib/gcc/avr/4.3.5/avr4/libgcc.a(_clear_bss.o)
                              main.o (__do_clear_bss)
/usr/lib/gcc/avr/4.3.5/../../../avr/lib/avr4/libc.a(dtostrf.o)
                              main.o (dtostrf)
/usr/lib/gcc/avr/4.3.5/../../../avr/lib/avr4/libc.a(strcat.o)
                              main.o (strcat)
/usr/lib/gcc/avr/4.3.5/../../../avr/lib/avr4/libc.a(strcpy.o)
                              main.o (strcpy)
/usr/lib/gcc/avr/4.3.5/../../../avr/lib/avr4/libc.a(vfprintf_std.o)
                              (vfprintf)
/usr/lib/gcc/avr/4.3.5/../../../avr/lib/avr4/libc.a(dtoa_prf.o)
                              /usr/lib/gcc/avr/4.3.5/../../../avr/lib/avr4/libc.a(dtostrf.o) (dtoa_prf)
/usr/lib/gcc/avr/4.3.5/../../../avr/lib/avr4/libc.a(ftoa_engine.o)
                              /usr/lib/gcc/avr/4.3.5/../../../avr/lib/avr4/libc.a(dtoa_prf.o) (__ftoa_engine)
/usr/lib/gcc/avr/4.3.5/../../../avr/lib/avr4/libc.a(strnlen_P.o)
                              /usr/lib/gcc/avr/4.3.5/../../../avr/lib/avr4/libc.a(vfprintf_std.o) (strnlen_P)
/usr/lib/gcc/avr/4.3.5/../../../avr/lib/avr4/libc.a(strnlen.o)
                              /usr/lib/gcc/avr/4.3.5/../../../avr/lib/avr4/libc.a(vfprintf_std.o) (strnlen)
/usr/lib/gcc/avr/4.3.5/../../../avr/lib/avr4/libc.a(fputc.o)
                              /usr/lib/gcc/avr/4.3.5/../../../avr/lib/avr4/libc.a(vfprintf_std.o) (fputc)
/usr/lib/gcc/avr/4.3.5/../../../avr/lib/avr4/libc.a(ultoa_invert.o)
                              /usr/lib/gcc/avr/4.3.5/../../../avr/lib/avr4/libc.a(vfprintf_std.o) (__ultoa_invert)
/usr/lib/gcc/avr/4.3.5/avr4/libgcc.a(_prologue.o)
                              /usr/lib/gcc/avr/4.3.5/../../../avr/lib/avr4/libc.a(vfprintf_std.o) (__prologue_saves__)
/usr/lib/gcc/avr/4.3.5/avr4/libgcc.a(_epilogue.o)
                              /usr/lib/gcc/avr/4.3.5/../../../avr/lib/avr4/libc.a(vfprintf_std.o) (__epilogue_restores__)

Allocating common symbols
Common symbol       size              file

uart_tx_buffer      0x100             main.o
uart_rx_buffer      0x100             main.o

Memory Configuration

Name             Origin             Length             Attributes
text             0x00000000         0x00002000         xr
data             0x00800060         0x0000ffa0         rw !x
eeprom           0x00810000         0x00010000         rw !x
fuse             0x00820000         0x00000400         rw !x
lock             0x00830000         0x00000400         rw !x
signature        0x00840000         0x00000400         rw !x
*default*        0x00000000         0xffffffff

Linker script and memory map

LOAD /usr/lib/gcc/avr/4.3.5/../../../avr/lib/avr4/crtm8.o
LOAD main.o
LOAD /usr/lib/gcc/avr/4.3.5/../../../avr/lib/avr4/libm.a
LOAD /usr/lib/gcc/avr/4.3.5/avr4/libgcc.a
LOAD /usr/lib/gcc/avr/4.3.5/../../../avr/lib/avr4/libc.a
LOAD /usr/lib/gcc/avr/4.3.5/avr4/libgcc.a

.hash
 *(.hash)

.dynsym
 *(.dynsym)

.dynstr
 *(.dynstr)

.gnu.version
 *(.gnu.version)

.gnu.version_d
 *(.gnu.version_d)

.gnu.version_r
 *(.gnu.version_r)

.rel.init
 *(.rel.init)

.rela.init
 *(.rela.init)

.rel.text
 *(.rel.text)
 *(.rel.text.*)
 *(.rel.gnu.linkonce.t*)

.rela.text
 *(.rela.text)
 *(.rela.text.*)
 *(.rela.gnu.linkonce.t*)

.rel.fini
 *(.rel.fini)

.rela.fini
 *(.rela.fini)

.rel.rodata
 *(.rel.rodata)
 *(.rel.rodata.*)
 *(.rel.gnu.linkonce.r*)

.rela.rodata
 *(.rela.rodata)
 *(.rela.rodata.*)
 *(.rela.gnu.linkonce.r*)

.rel.data
 *(.rel.data)
 *(.rel.data.*)
 *(.rel.gnu.linkonce.d*)

.rela.data
 *(.rela.data)
 *(.rela.data.*)
 *(.rela.gnu.linkonce.d*)

.rel.ctors
 *(.rel.ctors)

.rela.ctors
 *(.rela.ctors)

.rel.dtors
 *(.rel.dtors)

.rela.dtors
 *(.rela.dtors)

.rel.got
 *(.rel.got)

.rela.got
 *(.rela.got)

.rel.bss
 *(.rel.bss)

.rela.bss
 *(.rela.bss)

.rel.plt
 *(.rel.plt)

.rela.plt
 *(.rela.plt)

.text           0x00000000     0x11e6
 *(.vectors)
 .vectors       0x00000000       0x26 /usr/lib/gcc/avr/4.3.5/../../../avr/lib/avr4/crtm8.o
                0x00000000                __vectors
                0x00000000                __vector_default
 *(.vectors)
 *(.progmem.gcc*)
 *(.progmem*)
 .progmem.data  0x00000026       0xfa /usr/lib/gcc/avr/4.3.5/../../../avr/lib/avr4/libc.a(ftoa_engine.o)
                0x00000120                . = ALIGN (0x2)
                0x00000120                __trampolines_start = .
 *(.trampolines)
 .trampolines   0x00000120        0x0 linker stubs
 *(.trampolines*)
                0x00000120                __trampolines_end = .
 *(.jumptables)
 *(.jumptables*)
 *(.lowtext)
 *(.lowtext*)
                0x00000120                __ctors_start = .
 *(.ctors)
                0x00000120                __ctors_end = .
                0x00000120                __dtors_start = .
 *(.dtors)
                0x00000120                __dtors_end = .
 SORT(*)(.ctors)
 SORT(*)(.dtors)
 *(.init0)
 .init0         0x00000120        0x0 /usr/lib/gcc/avr/4.3.5/../../../avr/lib/avr4/crtm8.o
                0x00000120                __init
 *(.init0)
 *(.init1)
 *(.init1)
 *(.init2)
 .init2         0x00000120        0xc /usr/lib/gcc/avr/4.3.5/../../../avr/lib/avr4/crtm8.o
 *(.init2)
 *(.init3)
 *(.init3)
 *(.init4)
 .init4         0x0000012c       0x16 /usr/lib/gcc/avr/4.3.5/avr4/libgcc.a(_copy_data.o)
                0x0000012c                __do_copy_data
 .init4         0x00000142       0x10 /usr/lib/gcc/avr/4.3.5/avr4/libgcc.a(_clear_bss.o)
                0x00000142                __do_clear_bss
 *(.init4)
 *(.init5)
 *(.init5)
 *(.init6)
 *(.init6)
 *(.init7)
 *(.init7)
 *(.init8)
 *(.init8)
 *(.init9)
 .init9         0x00000152        0x4 /usr/lib/gcc/avr/4.3.5/../../../avr/lib/avr4/crtm8.o
 *(.init9)
 *(.text)
 .text          0x00000156        0x2 /usr/lib/gcc/avr/4.3.5/../../../avr/lib/avr4/crtm8.o
                0x00000156                __vector_1
                0x00000156                __bad_interrupt
                0x00000156                __vector_6
                0x00000156                __vector_3
                0x00000156                __vector_13
                0x00000156                __vector_17
                0x00000156                __vector_7
                0x00000156                __vector_5
                0x00000156                __vector_4
                0x00000156                __vector_9
                0x00000156                __vector_2
                0x00000156                __vector_15
                0x00000156                __vector_8
                0x00000156                __vector_14
                0x00000156                __vector_10
                0x00000156                __vector_16
                0x00000156                __vector_18
 .text          0x00000158      0x290 main.o
                0x00000158                adc2res
                0x000001b6                res2temp
                0x000001da                __vector_11
                0x0000023a                __vector_12
                0x00000294                get_string
                0x000002ac                put_string
                0x000002c4                send_ok
                0x000002f4                main
 .text          0x000003e8        0x0 /usr/lib/gcc/avr/4.3.5/../../../avr/lib/avr4/libm.a(addsf3.o)
 .text          0x000003e8        0x0 /usr/lib/gcc/avr/4.3.5/../../../avr/lib/avr4/libm.a(addsf3x.o)
 .text          0x000003e8        0x0 /usr/lib/gcc/avr/4.3.5/../../../avr/lib/avr4/libm.a(divsf3.o)
 .text          0x000003e8        0x0 /usr/lib/gcc/avr/4.3.5/../../../avr/lib/avr4/libm.a(divsf3x.o)
 .text          0x000003e8        0x0 /usr/lib/gcc/avr/4.3.5/../../../avr/lib/avr4/libm.a(fixsfsi.o)
 .text          0x000003e8        0x0 /usr/lib/gcc/avr/4.3.5/../../../avr/lib/avr4/libm.a(fixunssfsi.o)
 .text          0x000003e8        0x0 /usr/lib/gcc/avr/4.3.5/../../../avr/lib/avr4/libm.a(floatsisf.o)
 .text          0x000003e8        0x0 /usr/lib/gcc/avr/4.3.5/../../../avr/lib/avr4/libm.a(fp_inf.o)
 .text          0x000003e8        0x0 /usr/lib/gcc/avr/4.3.5/../../../avr/lib/avr4/libm.a(fp_nan.o)
 .text          0x000003e8        0x0 /usr/lib/gcc/avr/4.3.5/../../../avr/lib/avr4/libm.a(fp_pscA.o)
 .text          0x000003e8        0x0 /usr/lib/gcc/avr/4.3.5/../../../avr/lib/avr4/libm.a(fp_pscB.o)
 .text          0x000003e8        0x0 /usr/lib/gcc/avr/4.3.5/../../../avr/lib/avr4/libm.a(fp_round.o)
 .text          0x000003e8        0x0 /usr/lib/gcc/avr/4.3.5/../../../avr/lib/avr4/libm.a(fp_split3.o)
 .text          0x000003e8        0x0 /usr/lib/gcc/avr/4.3.5/../../../avr/lib/avr4/libm.a(fp_zero.o)
 .text          0x000003e8        0x0 /usr/lib/gcc/avr/4.3.5/../../../avr/lib/avr4/libm.a(mulsf3.o)
 .text          0x000003e8        0x0 /usr/lib/gcc/avr/4.3.5/../../../avr/lib/avr4/libm.a(mulsf3x.o)
 .text          0x000003e8        0x0 /usr/lib/gcc/avr/4.3.5/avr4/libgcc.a(_exit.o)
 .text          0x000003e8        0x0 /usr/lib/gcc/avr/4.3.5/avr4/libgcc.a(_copy_data.o)
 .text          0x000003e8        0x0 /usr/lib/gcc/avr/4.3.5/avr4/libgcc.a(_clear_bss.o)
 .text          0x000003e8        0x0 /usr/lib/gcc/avr/4.3.5/../../../avr/lib/avr4/libc.a(dtostrf.o)
 .text          0x000003e8        0x0 /usr/lib/gcc/avr/4.3.5/../../../avr/lib/avr4/libc.a(strcat.o)
 .text          0x000003e8        0x0 /usr/lib/gcc/avr/4.3.5/../../../avr/lib/avr4/libc.a(strcpy.o)
 .text          0x000003e8        0x0 /usr/lib/gcc/avr/4.3.5/../../../avr/lib/avr4/libc.a(vfprintf_std.o)
 .text          0x000003e8        0x0 /usr/lib/gcc/avr/4.3.5/../../../avr/lib/avr4/libc.a(dtoa_prf.o)
 .text          0x000003e8        0x0 /usr/lib/gcc/avr/4.3.5/../../../avr/lib/avr4/libc.a(ftoa_engine.o)
 .text          0x000003e8        0x0 /usr/lib/gcc/avr/4.3.5/../../../avr/lib/avr4/libc.a(strnlen_P.o)
 .text          0x000003e8        0x0 /usr/lib/gcc/avr/4.3.5/../../../avr/lib/avr4/libc.a(strnlen.o)
 .text          0x000003e8        0x0 /usr/lib/gcc/avr/4.3.5/../../../avr/lib/avr4/libc.a(fputc.o)
 .text          0x000003e8        0x0 /usr/lib/gcc/avr/4.3.5/../../../avr/lib/avr4/libc.a(ultoa_invert.o)
 .text          0x000003e8        0x0 /usr/lib/gcc/avr/4.3.5/avr4/libgcc.a(_prologue.o)
 .text          0x000003e8        0x0 /usr/lib/gcc/avr/4.3.5/avr4/libgcc.a(_epilogue.o)
                0x000003e8                . = ALIGN (0x2)
 *(.text.*)
 .text.avr-libc.fplib
                0x000003e8        0xa /usr/lib/gcc/avr/4.3.5/../../../avr/lib/avr4/libm.a(addsf3.o)
                0x000003e8                __subsf3
                0x000003ea                __addsf3
 .text.avr-libc.fplib
                0x000003f2       0xc0 /usr/lib/gcc/avr/4.3.5/../../../avr/lib/avr4/libm.a(addsf3x.o)
                0x0000040c                __addsf3x
 .text.avr-libc.fplib
                0x000004b2        0x4 /usr/lib/gcc/avr/4.3.5/../../../avr/lib/avr4/libm.a(divsf3.o)
                0x000004b2                __divsf3
 .text.avr-libc.fplib
                0x000004b6       0xcc /usr/lib/gcc/avr/4.3.5/../../../avr/lib/avr4/libm.a(divsf3x.o)
                0x000004cc                __divsf3x
                0x000004d0                __divsf3_pse
 .text.avr-libc.fplib
                0x00000582        0xa /usr/lib/gcc/avr/4.3.5/../../../avr/lib/avr4/libm.a(fixsfsi.o)
                0x00000582                __fixsfsi
 .text.avr-libc.fplib
                0x0000058c       0x58 /usr/lib/gcc/avr/4.3.5/../../../avr/lib/avr4/libm.a(fixunssfsi.o)
                0x0000058c                __fixunssfsi
 .text.avr-libc.fplib
                0x000005e4       0x7a /usr/lib/gcc/avr/4.3.5/../../../avr/lib/avr4/libm.a(floatsisf.o)
                0x000005e4                __floatunsisf
                0x000005e8                __floatsisf
 .text.avr-libc.fplib
                0x0000065e        0xc /usr/lib/gcc/avr/4.3.5/../../../avr/lib/avr4/libm.a(fp_inf.o)
                0x0000065e                __fp_inf
 .text.avr-libc.fplib
                0x0000066a        0x6 /usr/lib/gcc/avr/4.3.5/../../../avr/lib/avr4/libm.a(fp_nan.o)
                0x0000066a                __fp_nan
 .text.avr-libc.fplib
                0x00000670        0xe /usr/lib/gcc/avr/4.3.5/../../../avr/lib/avr4/libm.a(fp_pscA.o)
                0x00000670                __fp_pscA
 .text.avr-libc.fplib
                0x0000067e        0xe /usr/lib/gcc/avr/4.3.5/../../../avr/lib/avr4/libm.a(fp_pscB.o)
                0x0000067e                __fp_pscB
 .text.avr-libc.fplib
                0x0000068c       0x22 /usr/lib/gcc/avr/4.3.5/../../../avr/lib/avr4/libm.a(fp_round.o)
                0x0000068c                __fp_round
 .text.avr-libc.fplib
                0x000006ae       0x44 /usr/lib/gcc/avr/4.3.5/../../../avr/lib/avr4/libm.a(fp_split3.o)
                0x000006ae                __fp_split3
                0x000006be                __fp_splitA
 .text.avr-libc.fplib
                0x000006f2        0xe /usr/lib/gcc/avr/4.3.5/../../../avr/lib/avr4/libm.a(fp_zero.o)
                0x000006f2                __fp_zero
                0x000006f4                __fp_szero
 .text.avr-libc.fplib
                0x00000700        0x4 /usr/lib/gcc/avr/4.3.5/../../../avr/lib/avr4/libm.a(mulsf3.o)
                0x00000700                __mulsf3
 .text.avr-libc.fplib
                0x00000704       0xc2 /usr/lib/gcc/avr/4.3.5/../../../avr/lib/avr4/libm.a(mulsf3x.o)
                0x00000718                __mulsf3x
                0x0000071c                __mulsf3_pse
 .text.libgcc   0x000007c6        0x0 /usr/lib/gcc/avr/4.3.5/avr4/libgcc.a(_exit.o)
 .text.libgcc   0x000007c6        0x0 /usr/lib/gcc/avr/4.3.5/avr4/libgcc.a(_copy_data.o)
 .text.libgcc   0x000007c6        0x0 /usr/lib/gcc/avr/4.3.5/avr4/libgcc.a(_clear_bss.o)
 .text.avr-libc
                0x000007c6       0x40 /usr/lib/gcc/avr/4.3.5/../../../avr/lib/avr4/libc.a(dtostrf.o)
                0x000007c6                dtostrf
 .text.avr-libc
                0x00000806       0x16 /usr/lib/gcc/avr/4.3.5/../../../avr/lib/avr4/libc.a(strcat.o)
                0x00000806                strcat
 .text.avr-libc
                0x0000081c        0xe /usr/lib/gcc/avr/4.3.5/../../../avr/lib/avr4/libc.a(strcpy.o)
                0x0000081c                strcpy
 .text.avr-libc
                0x0000082a      0x39c /usr/lib/gcc/avr/4.3.5/../../../avr/lib/avr4/libc.a(vfprintf_std.o)
                0x0000082a                vfprintf
 .text.avr-libc
                0x00000bc6      0x2be /usr/lib/gcc/avr/4.3.5/../../../avr/lib/avr4/libc.a(dtoa_prf.o)
                0x00000bc6                dtoa_prf
 .text.avr-libc
                0x00000e84      0x1b0 /usr/lib/gcc/avr/4.3.5/../../../avr/lib/avr4/libc.a(ftoa_engine.o)
                0x00000e84                __ftoa_engine
 .text.avr-libc
                0x00001034       0x16 /usr/lib/gcc/avr/4.3.5/../../../avr/lib/avr4/libc.a(strnlen_P.o)
                0x00001034                strnlen_P
 .text.avr-libc
                0x0000104a       0x16 /usr/lib/gcc/avr/4.3.5/../../../avr/lib/avr4/libc.a(strnlen.o)
                0x0000104a                strnlen
 .text.avr-libc
                0x00001060       0x58 /usr/lib/gcc/avr/4.3.5/../../../avr/lib/avr4/libc.a(fputc.o)
                0x00001060                fputc
 .text.avr-libc
                0x000010b8       0xbc /usr/lib/gcc/avr/4.3.5/../../../avr/lib/avr4/libc.a(ultoa_invert.o)
                0x000010b8                __ultoa_invert
 .text.libgcc   0x00001174       0x38 /usr/lib/gcc/avr/4.3.5/avr4/libgcc.a(_prologue.o)
                0x00001174                __prologue_saves__
 .text.libgcc   0x000011ac       0x36 /usr/lib/gcc/avr/4.3.5/avr4/libgcc.a(_epilogue.o)
                0x000011ac                __epilogue_restores__
                0x000011e2                . = ALIGN (0x2)
 *(.fini9)
 .fini9         0x000011e2        0x0 /usr/lib/gcc/avr/4.3.5/avr4/libgcc.a(_exit.o)
                0x000011e2                exit
                0x000011e2                _exit
 *(.fini9)
 *(.fini8)
 *(.fini8)
 *(.fini7)
 *(.fini7)
 *(.fini6)
 *(.fini6)
 *(.fini5)
 *(.fini5)
 *(.fini4)
 *(.fini4)
 *(.fini3)
 *(.fini3)
 *(.fini2)
 *(.fini2)
 *(.fini1)
 *(.fini1)
 *(.fini0)
 .fini0         0x000011e2        0x4 /usr/lib/gcc/avr/4.3.5/avr4/libgcc.a(_exit.o)
 *(.fini0)
                0x000011e6                _etext = .

.data           0x00800060        0x6 load address 0x000011e6
                0x00800060                PROVIDE (__data_start, .)
 *(.data)
 .data          0x00800060        0x0 /usr/lib/gcc/avr/4.3.5/../../../avr/lib/avr4/crtm8.o
 .data          0x00800060        0x6 main.o
                0x00800063                uart_tx_flag
 .data          0x00800066        0x0 /usr/lib/gcc/avr/4.3.5/../../../avr/lib/avr4/libm.a(addsf3.o)
 .data          0x00800066        0x0 /usr/lib/gcc/avr/4.3.5/../../../avr/lib/avr4/libm.a(addsf3x.o)
 .data          0x00800066        0x0 /usr/lib/gcc/avr/4.3.5/../../../avr/lib/avr4/libm.a(divsf3.o)
 .data          0x00800066        0x0 /usr/lib/gcc/avr/4.3.5/../../../avr/lib/avr4/libm.a(divsf3x.o)
 .data          0x00800066        0x0 /usr/lib/gcc/avr/4.3.5/../../../avr/lib/avr4/libm.a(fixsfsi.o)
 .data          0x00800066        0x0 /usr/lib/gcc/avr/4.3.5/../../../avr/lib/avr4/libm.a(fixunssfsi.o)
 .data          0x00800066        0x0 /usr/lib/gcc/avr/4.3.5/../../../avr/lib/avr4/libm.a(floatsisf.o)
 .data          0x00800066        0x0 /usr/lib/gcc/avr/4.3.5/../../../avr/lib/avr4/libm.a(fp_inf.o)
 .data          0x00800066        0x0 /usr/lib/gcc/avr/4.3.5/../../../avr/lib/avr4/libm.a(fp_nan.o)
 .data          0x00800066        0x0 /usr/lib/gcc/avr/4.3.5/../../../avr/lib/avr4/libm.a(fp_pscA.o)
 .data          0x00800066        0x0 /usr/lib/gcc/avr/4.3.5/../../../avr/lib/avr4/libm.a(fp_pscB.o)
 .data          0x00800066        0x0 /usr/lib/gcc/avr/4.3.5/../../../avr/lib/avr4/libm.a(fp_round.o)
 .data          0x00800066        0x0 /usr/lib/gcc/avr/4.3.5/../../../avr/lib/avr4/libm.a(fp_split3.o)
 .data          0x00800066        0x0 /usr/lib/gcc/avr/4.3.5/../../../avr/lib/avr4/libm.a(fp_zero.o)
 .data          0x00800066        0x0 /usr/lib/gcc/avr/4.3.5/../../../avr/lib/avr4/libm.a(mulsf3.o)
 .data          0x00800066        0x0 /usr/lib/gcc/avr/4.3.5/../../../avr/lib/avr4/libm.a(mulsf3x.o)
 .data          0x00800066        0x0 /usr/lib/gcc/avr/4.3.5/avr4/libgcc.a(_exit.o)
 .data          0x00800066        0x0 /usr/lib/gcc/avr/4.3.5/avr4/libgcc.a(_copy_data.o)
 .data          0x00800066        0x0 /usr/lib/gcc/avr/4.3.5/avr4/libgcc.a(_clear_bss.o)
 .data          0x00800066        0x0 /usr/lib/gcc/avr/4.3.5/../../../avr/lib/avr4/libc.a(dtostrf.o)
 .data          0x00800066        0x0 /usr/lib/gcc/avr/4.3.5/../../../avr/lib/avr4/libc.a(strcat.o)
 .data          0x00800066        0x0 /usr/lib/gcc/avr/4.3.5/../../../avr/lib/avr4/libc.a(strcpy.o)
 .data          0x00800066        0x0 /usr/lib/gcc/avr/4.3.5/../../../avr/lib/avr4/libc.a(vfprintf_std.o)
 .data          0x00800066        0x0 /usr/lib/gcc/avr/4.3.5/../../../avr/lib/avr4/libc.a(dtoa_prf.o)
 .data          0x00800066        0x0 /usr/lib/gcc/avr/4.3.5/../../../avr/lib/avr4/libc.a(ftoa_engine.o)
 .data          0x00800066        0x0 /usr/lib/gcc/avr/4.3.5/../../../avr/lib/avr4/libc.a(strnlen_P.o)
 .data          0x00800066        0x0 /usr/lib/gcc/avr/4.3.5/../../../avr/lib/avr4/libc.a(strnlen.o)
 .data          0x00800066        0x0 /usr/lib/gcc/avr/4.3.5/../../../avr/lib/avr4/libc.a(fputc.o)
 .data          0x00800066        0x0 /usr/lib/gcc/avr/4.3.5/../../../avr/lib/avr4/libc.a(ultoa_invert.o)
 .data          0x00800066        0x0 /usr/lib/gcc/avr/4.3.5/avr4/libgcc.a(_prologue.o)
 .data          0x00800066        0x0 /usr/lib/gcc/avr/4.3.5/avr4/libgcc.a(_epilogue.o)
 *(.data*)
 *(.rodata)
 *(.rodata*)
 *(.gnu.linkonce.d*)
                0x00800066                . = ALIGN (0x2)
                0x00800066                _edata = .
                0x00800066                PROVIDE (__data_end, .)

.bss            0x00800066      0x202
                0x00800066                PROVIDE (__bss_start, .)
 *(.bss)
 .bss           0x00800066        0x0 /usr/lib/gcc/avr/4.3.5/../../../avr/lib/avr4/crtm8.o
 .bss           0x00800066        0x2 main.o
                0x00800066                uart_rx_flag
 .bss           0x00800068        0x0 /usr/lib/gcc/avr/4.3.5/../../../avr/lib/avr4/libm.a(addsf3.o)
 .bss           0x00800068        0x0 /usr/lib/gcc/avr/4.3.5/../../../avr/lib/avr4/libm.a(addsf3x.o)
 .bss           0x00800068        0x0 /usr/lib/gcc/avr/4.3.5/../../../avr/lib/avr4/libm.a(divsf3.o)
 .bss           0x00800068        0x0 /usr/lib/gcc/avr/4.3.5/../../../avr/lib/avr4/libm.a(divsf3x.o)
 .bss           0x00800068        0x0 /usr/lib/gcc/avr/4.3.5/../../../avr/lib/avr4/libm.a(fixsfsi.o)
 .bss           0x00800068        0x0 /usr/lib/gcc/avr/4.3.5/../../../avr/lib/avr4/libm.a(fixunssfsi.o)
 .bss           0x00800068        0x0 /usr/lib/gcc/avr/4.3.5/../../../avr/lib/avr4/libm.a(floatsisf.o)
 .bss           0x00800068        0x0 /usr/lib/gcc/avr/4.3.5/../../../avr/lib/avr4/libm.a(fp_inf.o)
 .bss           0x00800068        0x0 /usr/lib/gcc/avr/4.3.5/../../../avr/lib/avr4/libm.a(fp_nan.o)
 .bss           0x00800068        0x0 /usr/lib/gcc/avr/4.3.5/../../../avr/lib/avr4/libm.a(fp_pscA.o)
 .bss           0x00800068        0x0 /usr/lib/gcc/avr/4.3.5/../../../avr/lib/avr4/libm.a(fp_pscB.o)
 .bss           0x00800068        0x0 /usr/lib/gcc/avr/4.3.5/../../../avr/lib/avr4/libm.a(fp_round.o)
 .bss           0x00800068        0x0 /usr/lib/gcc/avr/4.3.5/../../../avr/lib/avr4/libm.a(fp_split3.o)
 .bss           0x00800068        0x0 /usr/lib/gcc/avr/4.3.5/../../../avr/lib/avr4/libm.a(fp_zero.o)
 .bss           0x00800068        0x0 /usr/lib/gcc/avr/4.3.5/../../../avr/lib/avr4/libm.a(mulsf3.o)
 .bss           0x00800068        0x0 /usr/lib/gcc/avr/4.3.5/../../../avr/lib/avr4/libm.a(mulsf3x.o)
 .bss           0x00800068        0x0 /usr/lib/gcc/avr/4.3.5/avr4/libgcc.a(_exit.o)
 .bss           0x00800068        0x0 /usr/lib/gcc/avr/4.3.5/avr4/libgcc.a(_copy_data.o)
 .bss           0x00800068        0x0 /usr/lib/gcc/avr/4.3.5/avr4/libgcc.a(_clear_bss.o)
 .bss           0x00800068        0x0 /usr/lib/gcc/avr/4.3.5/../../../avr/lib/avr4/libc.a(dtostrf.o)
 .bss           0x00800068        0x0 /usr/lib/gcc/avr/4.3.5/../../../avr/lib/avr4/libc.a(strcat.o)
 .bss           0x00800068        0x0 /usr/lib/gcc/avr/4.3.5/../../../avr/lib/avr4/libc.a(strcpy.o)
 .bss           0x00800068        0x0 /usr/lib/gcc/avr/4.3.5/../../../avr/lib/avr4/libc.a(vfprintf_std.o)
 .bss           0x00800068        0x0 /usr/lib/gcc/avr/4.3.5/../../../avr/lib/avr4/libc.a(dtoa_prf.o)
 .bss           0x00800068        0x0 /usr/lib/gcc/avr/4.3.5/../../../avr/lib/avr4/libc.a(ftoa_engine.o)
 .bss           0x00800068        0x0 /usr/lib/gcc/avr/4.3.5/../../../avr/lib/avr4/libc.a(strnlen_P.o)
 .bss           0x00800068        0x0 /usr/lib/gcc/avr/4.3.5/../../../avr/lib/avr4/libc.a(strnlen.o)
 .bss           0x00800068        0x0 /usr/lib/gcc/avr/4.3.5/../../../avr/lib/avr4/libc.a(fputc.o)
 .bss           0x00800068        0x0 /usr/lib/gcc/avr/4.3.5/../../../avr/lib/avr4/libc.a(ultoa_invert.o)
 .bss           0x00800068        0x0 /usr/lib/gcc/avr/4.3.5/avr4/libgcc.a(_prologue.o)
 .bss           0x00800068        0x0 /usr/lib/gcc/avr/4.3.5/avr4/libgcc.a(_epilogue.o)
 *(.bss*)
 *(COMMON)
 COMMON         0x00800068      0x200 main.o
                0x00800068                uart_tx_buffer
                0x00800168                uart_rx_buffer
                0x00800268                PROVIDE (__bss_end, .)
                0x000011e6                __data_load_start = LOADADDR (.data)
                0x000011ec                __data_load_end = (__data_load_start + SIZEOF (.data))

.noinit         0x00800268        0x0
                0x00800268                PROVIDE (__noinit_start, .)
 *(.noinit*)
                0x00800268                PROVIDE (__noinit_end, .)
                0x00800268                _end = .
                0x00800268                PROVIDE (__heap_start, .)

.eeprom         0x00810000        0x0
 *(.eeprom*)
                0x00810000                __eeprom_end = .

.fuse
 *(.fuse)
 *(.lfuse)
 *(.hfuse)
 *(.efuse)

.lock
 *(.lock*)

.signature
 *(.signature*)

.stab           0x00000000     0x5034
 *(.stab)
 .stab          0x00000000      0x6b4 /usr/lib/gcc/avr/4.3.5/../../../avr/lib/avr4/crtm8.o
 .stab          0x000006b4      0x9f0 main.o
                                0x9fc (size before relaxing)
 .stab          0x000010a4       0x78 /usr/lib/gcc/avr/4.3.5/../../../avr/lib/avr4/libm.a(addsf3.o)
                                 0x84 (size before relaxing)
 .stab          0x0000111c      0x4bc /usr/lib/gcc/avr/4.3.5/../../../avr/lib/avr4/libm.a(addsf3x.o)
                                0x4c8 (size before relaxing)
 .stab          0x000015d8       0x48 /usr/lib/gcc/avr/4.3.5/../../../avr/lib/avr4/libm.a(divsf3.o)
                                 0x54 (size before relaxing)
 .stab          0x00001620      0x510 /usr/lib/gcc/avr/4.3.5/../../../avr/lib/avr4/libm.a(divsf3x.o)
                                0x51c (size before relaxing)
 .stab          0x00001b30       0x6c /usr/lib/gcc/avr/4.3.5/../../../avr/lib/avr4/libm.a(fixsfsi.o)
                                 0x78 (size before relaxing)
 .stab          0x00001b9c      0x240 /usr/lib/gcc/avr/4.3.5/../../../avr/lib/avr4/libm.a(fixunssfsi.o)
                                0x24c (size before relaxing)
 .stab          0x00001ddc      0x318 /usr/lib/gcc/avr/4.3.5/../../../avr/lib/avr4/libm.a(floatsisf.o)
                                0x324 (size before relaxing)
 .stab          0x000020f4       0x78 /usr/lib/gcc/avr/4.3.5/../../../avr/lib/avr4/libm.a(fp_inf.o)
                                 0x84 (size before relaxing)
 .stab          0x0000216c       0x54 /usr/lib/gcc/avr/4.3.5/../../../avr/lib/avr4/libm.a(fp_nan.o)
                                 0x60 (size before relaxing)
 .stab          0x000021c0       0x84 /usr/lib/gcc/avr/4.3.5/../../../avr/lib/avr4/libm.a(fp_pscA.o)
                                 0x90 (size before relaxing)
 .stab          0x00002244       0x84 /usr/lib/gcc/avr/4.3.5/../../../avr/lib/avr4/libm.a(fp_pscB.o)
                                 0x90 (size before relaxing)
 .stab          0x000022c8       0xfc /usr/lib/gcc/avr/4.3.5/../../../avr/lib/avr4/libm.a(fp_round.o)
                                0x108 (size before relaxing)
 .stab          0x000023c4      0x1d4 /usr/lib/gcc/avr/4.3.5/../../../avr/lib/avr4/libm.a(fp_split3.o)
                                0x1e0 (size before relaxing)
 .stab          0x00002598       0x90 /usr/lib/gcc/avr/4.3.5/../../../avr/lib/avr4/libm.a(fp_zero.o)
                                 0x9c (size before relaxing)
 .stab          0x00002628       0x48 /usr/lib/gcc/avr/4.3.5/../../../avr/lib/avr4/libm.a(mulsf3.o)
                                 0x54 (size before relaxing)
 .stab          0x00002670      0x4d4 /usr/lib/gcc/avr/4.3.5/../../../avr/lib/avr4/libm.a(mulsf3x.o)
                                0x4e0 (size before relaxing)
 .stab          0x00002b44      0x3d8 /usr/lib/gcc/avr/4.3.5/../../../avr/lib/avr4/libc.a(dtostrf.o)
                                0x408 (size before relaxing)
 .stab          0x00002f1c       0x9c /usr/lib/gcc/avr/4.3.5/../../../avr/lib/avr4/libc.a(strcat.o)
                                 0xa8 (size before relaxing)
 .stab          0x00002fb8       0x6c /usr/lib/gcc/avr/4.3.5/../../../avr/lib/avr4/libc.a(strcpy.o)
                                 0x78 (size before relaxing)
 .stab          0x00003024      0x930 /usr/lib/gcc/avr/4.3.5/../../../avr/lib/avr4/libc.a(vfprintf_std.o)
                                0xb58 (size before relaxing)
 .stab          0x00003954      0x51c /usr/lib/gcc/avr/4.3.5/../../../avr/lib/avr4/libc.a(dtoa_prf.o)
                                0x708 (size before relaxing)
 .stab          0x00003e70      0xa38 /usr/lib/gcc/avr/4.3.5/../../../avr/lib/avr4/libc.a(ftoa_engine.o)
                                0xa44 (size before relaxing)
 .stab          0x000048a8       0x9c /usr/lib/gcc/avr/4.3.5/../../../avr/lib/avr4/libc.a(strnlen_P.o)
                                 0xa8 (size before relaxing)
 .stab          0x00004944       0x9c /usr/lib/gcc/avr/4.3.5/../../../avr/lib/avr4/libc.a(strnlen.o)
                                 0xa8 (size before relaxing)
 .stab          0x000049e0      0x1d4 /usr/lib/gcc/avr/4.3.5/../../../avr/lib/avr4/libc.a(fputc.o)
                                0x3b4 (size before relaxing)
 .stab          0x00004bb4      0x480 /usr/lib/gcc/avr/4.3.5/../../../avr/lib/avr4/libc.a(ultoa_invert.o)
                                0x48c (size before relaxing)

.stabstr        0x00000000     0x17e3
 *(.stabstr)
 .stabstr       0x00000000     0x17e3 /usr/lib/gcc/avr/4.3.5/../../../avr/lib/avr4/crtm8.o

.stab.excl
 *(.stab.excl)

.stab.exclstr
 *(.stab.exclstr)

.stab.index
 *(.stab.index)

.stab.indexstr
 *(.stab.indexstr)

.comment
 *(.comment)

.debug
 *(.debug)

.line
 *(.line)

.debug_srcinfo
 *(.debug_srcinfo)

.debug_sfnames
 *(.debug_sfnames)

.debug_aranges
 *(.debug_aranges)

.debug_pubnames
 *(.debug_pubnames)

.debug_info
 *(.debug_info)
 *(.gnu.linkonce.wi.*)

.debug_abbrev
 *(.debug_abbrev)

.debug_line
 *(.debug_line)

.debug_frame
 *(.debug_frame)

.debug_str
 *(.debug_str)

.debug_loc
 *(.debug_loc)

.debug_macinfo
 *(.debug_macinfo)
OUTPUT(main.elf elf32-avr)
LOAD linker stubs

Cross Reference Table

Symbol                                            File
__addsf3                                          /usr/lib/gcc/avr/4.3.5/../../../avr/lib/avr4/libm.a(addsf3.o)
__addsf3x                                         /usr/lib/gcc/avr/4.3.5/../../../avr/lib/avr4/libm.a(addsf3x.o)
                                                  /usr/lib/gcc/avr/4.3.5/../../../avr/lib/avr4/libm.a(addsf3.o)
__bad_interrupt                                   /usr/lib/gcc/avr/4.3.5/../../../avr/lib/avr4/crtm8.o
__bss_end                                         /usr/lib/gcc/avr/4.3.5/avr4/libgcc.a(_clear_bss.o)
__bss_start                                       /usr/lib/gcc/avr/4.3.5/avr4/libgcc.a(_clear_bss.o)
__data_end                                        /usr/lib/gcc/avr/4.3.5/avr4/libgcc.a(_copy_data.o)
__data_load_start                                 /usr/lib/gcc/avr/4.3.5/avr4/libgcc.a(_copy_data.o)
__data_start                                      /usr/lib/gcc/avr/4.3.5/avr4/libgcc.a(_copy_data.o)
__divsf3                                          /usr/lib/gcc/avr/4.3.5/../../../avr/lib/avr4/libm.a(divsf3.o)
                                                  main.o
__divsf3_pse                                      /usr/lib/gcc/avr/4.3.5/../../../avr/lib/avr4/libm.a(divsf3x.o)
__divsf3x                                         /usr/lib/gcc/avr/4.3.5/../../../avr/lib/avr4/libm.a(divsf3x.o)
                                                  /usr/lib/gcc/avr/4.3.5/../../../avr/lib/avr4/libm.a(divsf3.o)
__do_clear_bss                                    /usr/lib/gcc/avr/4.3.5/avr4/libgcc.a(_clear_bss.o)
                                                  main.o
__do_copy_data                                    /usr/lib/gcc/avr/4.3.5/avr4/libgcc.a(_copy_data.o)
                                                  main.o
__epilogue_restores__                             /usr/lib/gcc/avr/4.3.5/avr4/libgcc.a(_epilogue.o)
                                                  /usr/lib/gcc/avr/4.3.5/../../../avr/lib/avr4/libc.a(dtoa_prf.o)
                                                  /usr/lib/gcc/avr/4.3.5/../../../avr/lib/avr4/libc.a(vfprintf_std.o)
__fixsfsi                                         /usr/lib/gcc/avr/4.3.5/../../../avr/lib/avr4/libm.a(fixsfsi.o)
                                                  main.o
__fixunssfsi                                      /usr/lib/gcc/avr/4.3.5/../../../avr/lib/avr4/libm.a(fixunssfsi.o)
                                                  /usr/lib/gcc/avr/4.3.5/../../../avr/lib/avr4/libm.a(fixsfsi.o)
__floatsisf                                       /usr/lib/gcc/avr/4.3.5/../../../avr/lib/avr4/libm.a(floatsisf.o)
                                                  main.o
__floatunsisf                                     /usr/lib/gcc/avr/4.3.5/../../../avr/lib/avr4/libm.a(floatsisf.o)
__fp_inf                                          /usr/lib/gcc/avr/4.3.5/../../../avr/lib/avr4/libm.a(fp_inf.o)
                                                  /usr/lib/gcc/avr/4.3.5/../../../avr/lib/avr4/libm.a(mulsf3x.o)
                                                  /usr/lib/gcc/avr/4.3.5/../../../avr/lib/avr4/libm.a(divsf3x.o)
                                                  /usr/lib/gcc/avr/4.3.5/../../../avr/lib/avr4/libm.a(addsf3x.o)
__fp_nan                                          /usr/lib/gcc/avr/4.3.5/../../../avr/lib/avr4/libm.a(fp_nan.o)
                                                  /usr/lib/gcc/avr/4.3.5/../../../avr/lib/avr4/libm.a(mulsf3x.o)
                                                  /usr/lib/gcc/avr/4.3.5/../../../avr/lib/avr4/libm.a(divsf3x.o)
                                                  /usr/lib/gcc/avr/4.3.5/../../../avr/lib/avr4/libm.a(addsf3x.o)
__fp_pscA                                         /usr/lib/gcc/avr/4.3.5/../../../avr/lib/avr4/libm.a(fp_pscA.o)
                                                  /usr/lib/gcc/avr/4.3.5/../../../avr/lib/avr4/libm.a(mulsf3x.o)
                                                  /usr/lib/gcc/avr/4.3.5/../../../avr/lib/avr4/libm.a(divsf3x.o)
                                                  /usr/lib/gcc/avr/4.3.5/../../../avr/lib/avr4/libm.a(addsf3x.o)
__fp_pscB                                         /usr/lib/gcc/avr/4.3.5/../../../avr/lib/avr4/libm.a(fp_pscB.o)
                                                  /usr/lib/gcc/avr/4.3.5/../../../avr/lib/avr4/libm.a(mulsf3x.o)
                                                  /usr/lib/gcc/avr/4.3.5/../../../avr/lib/avr4/libm.a(divsf3x.o)
                                                  /usr/lib/gcc/avr/4.3.5/../../../avr/lib/avr4/libm.a(addsf3x.o)
__fp_round                                        /usr/lib/gcc/avr/4.3.5/../../../avr/lib/avr4/libm.a(fp_round.o)
                                                  /usr/lib/gcc/avr/4.3.5/../../../avr/lib/avr4/libm.a(mulsf3.o)
                                                  /usr/lib/gcc/avr/4.3.5/../../../avr/lib/avr4/libm.a(divsf3.o)
                                                  /usr/lib/gcc/avr/4.3.5/../../../avr/lib/avr4/libm.a(addsf3.o)
__fp_split3                                       /usr/lib/gcc/avr/4.3.5/../../../avr/lib/avr4/libm.a(fp_split3.o)
                                                  /usr/lib/gcc/avr/4.3.5/../../../avr/lib/avr4/libm.a(mulsf3x.o)
                                                  /usr/lib/gcc/avr/4.3.5/../../../avr/lib/avr4/libm.a(divsf3x.o)
                                                  /usr/lib/gcc/avr/4.3.5/../../../avr/lib/avr4/libm.a(addsf3x.o)
__fp_splitA                                       /usr/lib/gcc/avr/4.3.5/../../../avr/lib/avr4/libm.a(fp_split3.o)
                                                  /usr/lib/gcc/avr/4.3.5/../../../avr/lib/avr4/libm.a(fixunssfsi.o)
__fp_szero                                        /usr/lib/gcc/avr/4.3.5/../../../avr/lib/avr4/libm.a(fp_zero.o)
                                                  /usr/lib/gcc/avr/4.3.5/../../../avr/lib/avr4/libm.a(mulsf3x.o)
                                                  /usr/lib/gcc/avr/4.3.5/../../../avr/lib/avr4/libm.a(fixsfsi.o)
                                                  /usr/lib/gcc/avr/4.3.5/../../../avr/lib/avr4/libm.a(divsf3x.o)
__fp_zero                                         /usr/lib/gcc/avr/4.3.5/../../../avr/lib/avr4/libm.a(fp_zero.o)
                                                  /usr/lib/gcc/avr/4.3.5/../../../avr/lib/avr4/libm.a(fixunssfsi.o)
                                                  /usr/lib/gcc/avr/4.3.5/../../../avr/lib/avr4/libm.a(addsf3x.o)
__ftoa_engine                                     /usr/lib/gcc/avr/4.3.5/../../../avr/lib/avr4/libc.a(ftoa_engine.o)
                                                  /usr/lib/gcc/avr/4.3.5/../../../avr/lib/avr4/libc.a(dtoa_prf.o)
__heap_end                                        /usr/lib/gcc/avr/4.3.5/../../../avr/lib/avr4/crtm8.o
__init                                            /usr/lib/gcc/avr/4.3.5/../../../avr/lib/avr4/crtm8.o
__mulsf3                                          /usr/lib/gcc/avr/4.3.5/../../../avr/lib/avr4/libm.a(mulsf3.o)
                                                  main.o
__mulsf3_pse                                      /usr/lib/gcc/avr/4.3.5/../../../avr/lib/avr4/libm.a(mulsf3x.o)
__mulsf3x                                         /usr/lib/gcc/avr/4.3.5/../../../avr/lib/avr4/libm.a(mulsf3x.o)
                                                  /usr/lib/gcc/avr/4.3.5/../../../avr/lib/avr4/libm.a(mulsf3.o)
__prologue_saves__                                /usr/lib/gcc/avr/4.3.5/avr4/libgcc.a(_prologue.o)
                                                  /usr/lib/gcc/avr/4.3.5/../../../avr/lib/avr4/libc.a(dtoa_prf.o)
                                                  /usr/lib/gcc/avr/4.3.5/../../../avr/lib/avr4/libc.a(vfprintf_std.o)
__stack                                           /usr/lib/gcc/avr/4.3.5/../../../avr/lib/avr4/crtm8.o
__subsf3                                          /usr/lib/gcc/avr/4.3.5/../../../avr/lib/avr4/libm.a(addsf3.o)
                                                  main.o
__ultoa_invert                                    /usr/lib/gcc/avr/4.3.5/../../../avr/lib/avr4/libc.a(ultoa_invert.o)
                                                  /usr/lib/gcc/avr/4.3.5/../../../avr/lib/avr4/libc.a(vfprintf_std.o)
__vector_1                                        /usr/lib/gcc/avr/4.3.5/../../../avr/lib/avr4/crtm8.o
__vector_10                                       /usr/lib/gcc/avr/4.3.5/../../../avr/lib/avr4/crtm8.o
__vector_11                                       main.o
                                                  /usr/lib/gcc/avr/4.3.5/../../../avr/lib/avr4/crtm8.o
__vector_12                                       main.o
                                                  /usr/lib/gcc/avr/4.3.5/../../../avr/lib/avr4/crtm8.o
__vector_13                                       /usr/lib/gcc/avr/4.3.5/../../../avr/lib/avr4/crtm8.o
__vector_14                                       /usr/lib/gcc/avr/4.3.5/../../../avr/lib/avr4/crtm8.o
__vector_15                                       /usr/lib/gcc/avr/4.3.5/../../../avr/lib/avr4/crtm8.o
__vector_16                                       /usr/lib/gcc/avr/4.3.5/../../../avr/lib/avr4/crtm8.o
__vector_17                                       /usr/lib/gcc/avr/4.3.5/../../../avr/lib/avr4/crtm8.o
__vector_18                                       /usr/lib/gcc/avr/4.3.5/../../../avr/lib/avr4/crtm8.o
__vector_2                                        /usr/lib/gcc/avr/4.3.5/../../../avr/lib/avr4/crtm8.o
__vector_3                                        /usr/lib/gcc/avr/4.3.5/../../../avr/lib/avr4/crtm8.o
__vector_4                                        /usr/lib/gcc/avr/4.3.5/../../../avr/lib/avr4/crtm8.o
__vector_5                                        /usr/lib/gcc/avr/4.3.5/../../../avr/lib/avr4/crtm8.o
__vector_6                                        /usr/lib/gcc/avr/4.3.5/../../../avr/lib/avr4/crtm8.o
__vector_7                                        /usr/lib/gcc/avr/4.3.5/../../../avr/lib/avr4/crtm8.o
__vector_8                                        /usr/lib/gcc/avr/4.3.5/../../../avr/lib/avr4/crtm8.o
__vector_9                                        /usr/lib/gcc/avr/4.3.5/../../../avr/lib/avr4/crtm8.o
__vector_default                                  /usr/lib/gcc/avr/4.3.5/../../../avr/lib/avr4/crtm8.o
__vectors                                         /usr/lib/gcc/avr/4.3.5/../../../avr/lib/avr4/crtm8.o
_exit                                             /usr/lib/gcc/avr/4.3.5/avr4/libgcc.a(_exit.o)
adc2res                                           main.o
dtoa_prf                                          /usr/lib/gcc/avr/4.3.5/../../../avr/lib/avr4/libc.a(dtoa_prf.o)
                                                  /usr/lib/gcc/avr/4.3.5/../../../avr/lib/avr4/libc.a(dtostrf.o)
dtostrf                                           /usr/lib/gcc/avr/4.3.5/../../../avr/lib/avr4/libc.a(dtostrf.o)
                                                  main.o
exit                                              /usr/lib/gcc/avr/4.3.5/avr4/libgcc.a(_exit.o)
                                                  /usr/lib/gcc/avr/4.3.5/../../../avr/lib/avr4/crtm8.o
fputc                                             /usr/lib/gcc/avr/4.3.5/../../../avr/lib/avr4/libc.a(fputc.o)
                                                  /usr/lib/gcc/avr/4.3.5/../../../avr/lib/avr4/libc.a(vfprintf_std.o)
get_string                                        main.o
main                                              main.o
                                                  /usr/lib/gcc/avr/4.3.5/../../../avr/lib/avr4/crtm8.o
put_string                                        main.o
res2temp                                          main.o
send_ok                                           main.o
strcat                                            /usr/lib/gcc/avr/4.3.5/../../../avr/lib/avr4/libc.a(strcat.o)
                                                  main.o
strcpy                                            /usr/lib/gcc/avr/4.3.5/../../../avr/lib/avr4/libc.a(strcpy.o)
                                                  main.o
strnlen                                           /usr/lib/gcc/avr/4.3.5/../../../avr/lib/avr4/libc.a(strnlen.o)
                                                  /usr/lib/gcc/avr/4.3.5/../../../avr/lib/avr4/libc.a(vfprintf_std.o)
strnlen_P                                         /usr/lib/gcc/avr/4.3.5/../../../avr/lib/avr4/libc.a(strnlen_P.o)
                                                  /usr/lib/gcc/avr/4.3.5/../../../avr/lib/avr4/libc.a(vfprintf_std.o)
uart_rx_buffer                                    main.o
uart_rx_flag                                      main.o
uart_tx_buffer                                    main.o
uart_tx_flag                                      main.o
vfprintf                                          /usr/lib/gcc/avr/4.3.5/../../../avr/lib/avr4/libc.a(vfprintf_std.o)
