Archive member included because of file (symbol)

/usr/lib/gcc/avr/4.3.5/../../../avr/lib/avr4/libm.a(addsf3.o)
                              main.o (__subsf3)
/usr/lib/gcc/avr/4.3.5/../../../avr/lib/avr4/libm.a(addsf3x.o)
                              /usr/lib/gcc/avr/4.3.5/../../../avr/lib/avr4/libm.a(addsf3.o) (__addsf3x)
/usr/lib/gcc/avr/4.3.5/../../../avr/lib/avr4/libm.a(divsf3.o)
                              main.o (__divsf3)
/usr/lib/gcc/avr/4.3.5/../../../avr/lib/avr4/libm.a(divsf3x.o)
                              /usr/lib/gcc/avr/4.3.5/../../../avr/lib/avr4/libm.a(divsf3.o) (__divsf3x)
/usr/lib/gcc/avr/4.3.5/../../../avr/lib/avr4/libm.a(fixsfsi.o)
                              main.o (__fixsfsi)
/usr/lib/gcc/avr/4.3.5/../../../avr/lib/avr4/libm.a(fixunssfsi.o)
                              /usr/lib/gcc/avr/4.3.5/../../../avr/lib/avr4/libm.a(fixsfsi.o) (__fixunssfsi)
/usr/lib/gcc/avr/4.3.5/../../../avr/lib/avr4/libm.a(floatsisf.o)
                              main.o (__floatsisf)
/usr/lib/gcc/avr/4.3.5/../../../avr/lib/avr4/libm.a(fp_inf.o)
                              /usr/lib/gcc/avr/4.3.5/../../../avr/lib/avr4/libm.a(addsf3x.o) (__fp_inf)
/usr/lib/gcc/avr/4.3.5/../../../avr/lib/avr4/libm.a(fp_nan.o)
                              /usr/lib/gcc/avr/4.3.5/../../../avr/lib/avr4/libm.a(addsf3x.o) (__fp_nan)
/usr/lib/gcc/avr/4.3.5/../../../avr/lib/avr4/libm.a(fp_pscA.o)
                              /usr/lib/gcc/avr/4.3.5/../../../avr/lib/avr4/libm.a(addsf3x.o) (__fp_pscA)
/usr/lib/gcc/avr/4.3.5/../../../avr/lib/avr4/libm.a(fp_pscB.o)
                              /usr/lib/gcc/avr/4.3.5/../../../avr/lib/avr4/libm.a(addsf3x.o) (__fp_pscB)
/usr/lib/gcc/avr/4.3.5/../../../avr/lib/avr4/libm.a(fp_round.o)
                              /usr/lib/gcc/avr/4.3.5/../../../avr/lib/avr4/libm.a(addsf3.o) (__fp_round)
/usr/lib/gcc/avr/4.3.5/../../../avr/lib/avr4/libm.a(fp_split3.o)
                              /usr/lib/gcc/avr/4.3.5/../../../avr/lib/avr4/libm.a(addsf3x.o) (__fp_split3)
/usr/lib/gcc/avr/4.3.5/../../../avr/lib/avr4/libm.a(fp_zero.o)
                              /usr/lib/gcc/avr/4.3.5/../../../avr/lib/avr4/libm.a(addsf3x.o) (__fp_zero)
/usr/lib/gcc/avr/4.3.5/../../../avr/lib/avr4/libm.a(mulsf3.o)
                              main.o (__mulsf3)
/usr/lib/gcc/avr/4.3.5/../../../avr/lib/avr4/libm.a(mulsf3x.o)
                              /usr/lib/gcc/avr/4.3.5/../../../avr/lib/avr4/libm.a(mulsf3.o) (__mulsf3x)
/usr/lib/gcc/avr/4.3.5/avr4/libgcc.a(_exit.o)
                              /usr/lib/gcc/avr/4.3.5/../../../avr/lib/avr4/crtm8.o (exit)
/usr/lib/gcc/avr/4.3.5/avr4/libgcc.a(_copy_data.o)
                              main.o (__do_copy_data)
/usr/lib/gcc/avr/4.3.5/avr4/libgcc.a(_clear_bss.o)
                              main.o (__do_clear_bss)
/usr/lib/gcc/avr/4.3.5/../../../avr/lib/avr4/libc.a(strcat.o)
                              main.o (strcat)
/usr/lib/gcc/avr/4.3.5/../../../avr/lib/avr4/libc.a(strcpy.o)
                              main.o (strcpy)
/usr/lib/gcc/avr/4.3.5/../../../avr/lib/avr4/libc.a(itoa.o)
                              main.o (itoa)
/usr/lib/gcc/avr/4.3.5/../../../avr/lib/avr4/libc.a(vfprintf_std.o)
                              (vfprintf)
/usr/lib/gcc/avr/4.3.5/../../../avr/lib/avr4/libc.a(strnlen_P.o)
                              /usr/lib/gcc/avr/4.3.5/../../../avr/lib/avr4/libc.a(vfprintf_std.o) (strnlen_P)
/usr/lib/gcc/avr/4.3.5/../../../avr/lib/avr4/libc.a(strnlen.o)
                              /usr/lib/gcc/avr/4.3.5/../../../avr/lib/avr4/libc.a(vfprintf_std.o) (strnlen)
/usr/lib/gcc/avr/4.3.5/../../../avr/lib/avr4/libc.a(strrev.o)
                              /usr/lib/gcc/avr/4.3.5/../../../avr/lib/avr4/libc.a(itoa.o) (strrev)
/usr/lib/gcc/avr/4.3.5/../../../avr/lib/avr4/libc.a(fputc.o)
                              /usr/lib/gcc/avr/4.3.5/../../../avr/lib/avr4/libc.a(vfprintf_std.o) (fputc)
/usr/lib/gcc/avr/4.3.5/../../../avr/lib/avr4/libc.a(ultoa_invert.o)
                              /usr/lib/gcc/avr/4.3.5/../../../avr/lib/avr4/libc.a(vfprintf_std.o) (__ultoa_invert)
/usr/lib/gcc/avr/4.3.5/avr4/libgcc.a(_udivmodhi4.o)
                              /usr/lib/gcc/avr/4.3.5/../../../avr/lib/avr4/libc.a(itoa.o) (__udivmodhi4)
/usr/lib/gcc/avr/4.3.5/avr4/libgcc.a(_prologue.o)
                              /usr/lib/gcc/avr/4.3.5/../../../avr/lib/avr4/libc.a(vfprintf_std.o) (__prologue_saves__)
/usr/lib/gcc/avr/4.3.5/avr4/libgcc.a(_epilogue.o)
                              /usr/lib/gcc/avr/4.3.5/../../../avr/lib/avr4/libc.a(vfprintf_std.o) (__epilogue_restores__)

Allocating common symbols
Common symbol       size              file

uart_tx_buffer      0x100             main.o
uart_rx_buffer      0x100             main.o

Memory Configuration

Name             Origin             Length             Attributes
text             0x00000000         0x00002000         xr
data             0x00800060         0x0000ffa0         rw !x
eeprom           0x00810000         0x00010000         rw !x
fuse             0x00820000         0x00000400         rw !x
lock             0x00830000         0x00000400         rw !x
signature        0x00840000         0x00000400         rw !x
*default*        0x00000000         0xffffffff

Linker script and memory map

LOAD /usr/lib/gcc/avr/4.3.5/../../../avr/lib/avr4/crtm8.o
LOAD main.o
LOAD /usr/lib/gcc/avr/4.3.5/../../../avr/lib/avr4/libm.a
LOAD /usr/lib/gcc/avr/4.3.5/avr4/libgcc.a
LOAD /usr/lib/gcc/avr/4.3.5/../../../avr/lib/avr4/libc.a
LOAD /usr/lib/gcc/avr/4.3.5/avr4/libgcc.a

.hash
 *(.hash)

.dynsym
 *(.dynsym)

.dynstr
 *(.dynstr)

.gnu.version
 *(.gnu.version)

.gnu.version_d
 *(.gnu.version_d)

.gnu.version_r
 *(.gnu.version_r)

.rel.init
 *(.rel.init)

.rela.init
 *(.rela.init)

.rel.text
 *(.rel.text)
 *(.rel.text.*)
 *(.rel.gnu.linkonce.t*)

.rela.text
 *(.rela.text)
 *(.rela.text.*)
 *(.rela.gnu.linkonce.t*)

.rel.fini
 *(.rel.fini)

.rela.fini
 *(.rela.fini)

.rel.rodata
 *(.rel.rodata)
 *(.rel.rodata.*)
 *(.rel.gnu.linkonce.r*)

.rela.rodata
 *(.rela.rodata)
 *(.rela.rodata.*)
 *(.rela.gnu.linkonce.r*)

.rel.data
 *(.rel.data)
 *(.rel.data.*)
 *(.rel.gnu.linkonce.d*)

.rela.data
 *(.rela.data)
 *(.rela.data.*)
 *(.rela.gnu.linkonce.d*)

.rel.ctors
 *(.rel.ctors)

.rela.ctors
 *(.rela.ctors)

.rel.dtors
 *(.rel.dtors)

.rela.dtors
 *(.rela.dtors)

.rel.got
 *(.rel.got)

.rela.got
 *(.rela.got)

.rel.bss
 *(.rel.bss)

.rela.bss
 *(.rela.bss)

.rel.plt
 *(.rel.plt)

.rela.plt
 *(.rela.plt)

.text           0x00000000     0x12b0
 *(.vectors)
 .vectors       0x00000000       0x26 /usr/lib/gcc/avr/4.3.5/../../../avr/lib/avr4/crtm8.o
                0x00000000                __vectors
                0x00000000                __vector_default
 *(.vectors)
 *(.progmem.gcc*)
 *(.progmem*)
                0x00000026                . = ALIGN (0x2)
                0x00000026                __trampolines_start = .
 *(.trampolines)
 .trampolines   0x00000026        0x0 linker stubs
 *(.trampolines*)
                0x00000026                __trampolines_end = .
 *(.jumptables)
 *(.jumptables*)
 *(.lowtext)
 *(.lowtext*)
                0x00000026                __ctors_start = .
 *(.ctors)
                0x00000026                __ctors_end = .
                0x00000026                __dtors_start = .
 *(.dtors)
                0x00000026                __dtors_end = .
 SORT(*)(.ctors)
 SORT(*)(.dtors)
 *(.init0)
 .init0         0x00000026        0x0 /usr/lib/gcc/avr/4.3.5/../../../avr/lib/avr4/crtm8.o
                0x00000026                __init
 *(.init0)
 *(.init1)
 *(.init1)
 *(.init2)
 .init2         0x00000026        0xc /usr/lib/gcc/avr/4.3.5/../../../avr/lib/avr4/crtm8.o
 *(.init2)
 *(.init3)
 *(.init3)
 *(.init4)
 .init4         0x00000032       0x16 /usr/lib/gcc/avr/4.3.5/avr4/libgcc.a(_copy_data.o)
                0x00000032                __do_copy_data
 .init4         0x00000048       0x10 /usr/lib/gcc/avr/4.3.5/avr4/libgcc.a(_clear_bss.o)
                0x00000048                __do_clear_bss
 *(.init4)
 *(.init5)
 *(.init5)
 *(.init6)
 *(.init6)
 *(.init7)
 *(.init7)
 *(.init8)
 *(.init8)
 *(.init9)
 .init9         0x00000058        0x4 /usr/lib/gcc/avr/4.3.5/../../../avr/lib/avr4/crtm8.o
 *(.init9)
 *(.text)
 .text          0x0000005c        0x2 /usr/lib/gcc/avr/4.3.5/../../../avr/lib/avr4/crtm8.o
                0x0000005c                __vector_1
                0x0000005c                __bad_interrupt
                0x0000005c                __vector_6
                0x0000005c                __vector_3
                0x0000005c                __vector_13
                0x0000005c                __vector_17
                0x0000005c                __vector_7
                0x0000005c                __vector_5
                0x0000005c                __vector_4
                0x0000005c                __vector_9
                0x0000005c                __vector_2
                0x0000005c                __vector_15
                0x0000005c                __vector_8
                0x0000005c                __vector_14
                0x0000005c                __vector_10
                0x0000005c                __vector_16
                0x0000005c                __vector_18
 .text          0x0000005e      0x87c main.o
                0x0000005e                adc2res
                0x000000bc                res2temp
                0x000000e0                dec2binWzerofill
                0x0000016a                transmit
                0x000001c0                send0
                0x000001ee                send1
                0x0000021c                sendT0
                0x00000232                sendT1
                0x00000248                sendTF
                0x0000025e                sendSync
                0x0000028c                getCodeWordA
                0x0000037e                sendTriState
                0x000003d6                switchOn
                0x000003de                switchOff
                0x000003e6                __vector_11
                0x00000446                __vector_12
                0x000004a0                get_string
                0x000004b8                put_string
                0x000004d0                send_ok
                0x00000500                main
 .text          0x000008da        0x0 /usr/lib/gcc/avr/4.3.5/../../../avr/lib/avr4/libm.a(addsf3.o)
 .text          0x000008da        0x0 /usr/lib/gcc/avr/4.3.5/../../../avr/lib/avr4/libm.a(addsf3x.o)
 .text          0x000008da        0x0 /usr/lib/gcc/avr/4.3.5/../../../avr/lib/avr4/libm.a(divsf3.o)
 .text          0x000008da        0x0 /usr/lib/gcc/avr/4.3.5/../../../avr/lib/avr4/libm.a(divsf3x.o)
 .text          0x000008da        0x0 /usr/lib/gcc/avr/4.3.5/../../../avr/lib/avr4/libm.a(fixsfsi.o)
 .text          0x000008da        0x0 /usr/lib/gcc/avr/4.3.5/../../../avr/lib/avr4/libm.a(fixunssfsi.o)
 .text          0x000008da        0x0 /usr/lib/gcc/avr/4.3.5/../../../avr/lib/avr4/libm.a(floatsisf.o)
 .text          0x000008da        0x0 /usr/lib/gcc/avr/4.3.5/../../../avr/lib/avr4/libm.a(fp_inf.o)
 .text          0x000008da        0x0 /usr/lib/gcc/avr/4.3.5/../../../avr/lib/avr4/libm.a(fp_nan.o)
 .text          0x000008da        0x0 /usr/lib/gcc/avr/4.3.5/../../../avr/lib/avr4/libm.a(fp_pscA.o)
 .text          0x000008da        0x0 /usr/lib/gcc/avr/4.3.5/../../../avr/lib/avr4/libm.a(fp_pscB.o)
 .text          0x000008da        0x0 /usr/lib/gcc/avr/4.3.5/../../../avr/lib/avr4/libm.a(fp_round.o)
 .text          0x000008da        0x0 /usr/lib/gcc/avr/4.3.5/../../../avr/lib/avr4/libm.a(fp_split3.o)
 .text          0x000008da        0x0 /usr/lib/gcc/avr/4.3.5/../../../avr/lib/avr4/libm.a(fp_zero.o)
 .text          0x000008da        0x0 /usr/lib/gcc/avr/4.3.5/../../../avr/lib/avr4/libm.a(mulsf3.o)
 .text          0x000008da        0x0 /usr/lib/gcc/avr/4.3.5/../../../avr/lib/avr4/libm.a(mulsf3x.o)
 .text          0x000008da        0x0 /usr/lib/gcc/avr/4.3.5/avr4/libgcc.a(_exit.o)
 .text          0x000008da        0x0 /usr/lib/gcc/avr/4.3.5/avr4/libgcc.a(_copy_data.o)
 .text          0x000008da        0x0 /usr/lib/gcc/avr/4.3.5/avr4/libgcc.a(_clear_bss.o)
 .text          0x000008da        0x0 /usr/lib/gcc/avr/4.3.5/../../../avr/lib/avr4/libc.a(strcat.o)
 .text          0x000008da        0x0 /usr/lib/gcc/avr/4.3.5/../../../avr/lib/avr4/libc.a(strcpy.o)
 .text          0x000008da        0x0 /usr/lib/gcc/avr/4.3.5/../../../avr/lib/avr4/libc.a(itoa.o)
 .text          0x000008da        0x0 /usr/lib/gcc/avr/4.3.5/../../../avr/lib/avr4/libc.a(vfprintf_std.o)
 .text          0x000008da        0x0 /usr/lib/gcc/avr/4.3.5/../../../avr/lib/avr4/libc.a(strnlen_P.o)
 .text          0x000008da        0x0 /usr/lib/gcc/avr/4.3.5/../../../avr/lib/avr4/libc.a(strnlen.o)
 .text          0x000008da        0x0 /usr/lib/gcc/avr/4.3.5/../../../avr/lib/avr4/libc.a(strrev.o)
 .text          0x000008da        0x0 /usr/lib/gcc/avr/4.3.5/../../../avr/lib/avr4/libc.a(fputc.o)
 .text          0x000008da        0x0 /usr/lib/gcc/avr/4.3.5/../../../avr/lib/avr4/libc.a(ultoa_invert.o)
 .text          0x000008da        0x0 /usr/lib/gcc/avr/4.3.5/avr4/libgcc.a(_udivmodhi4.o)
 .text          0x000008da        0x0 /usr/lib/gcc/avr/4.3.5/avr4/libgcc.a(_prologue.o)
 .text          0x000008da        0x0 /usr/lib/gcc/avr/4.3.5/avr4/libgcc.a(_epilogue.o)
                0x000008da                . = ALIGN (0x2)
 *(.text.*)
 .text.avr-libc.fplib
                0x000008da        0xa /usr/lib/gcc/avr/4.3.5/../../../avr/lib/avr4/libm.a(addsf3.o)
                0x000008da                __subsf3
                0x000008dc                __addsf3
 .text.avr-libc.fplib
                0x000008e4       0xc0 /usr/lib/gcc/avr/4.3.5/../../../avr/lib/avr4/libm.a(addsf3x.o)
                0x000008fe                __addsf3x
 .text.avr-libc.fplib
                0x000009a4        0x4 /usr/lib/gcc/avr/4.3.5/../../../avr/lib/avr4/libm.a(divsf3.o)
                0x000009a4                __divsf3
 .text.avr-libc.fplib
                0x000009a8       0xcc /usr/lib/gcc/avr/4.3.5/../../../avr/lib/avr4/libm.a(divsf3x.o)
                0x000009be                __divsf3x
                0x000009c2                __divsf3_pse
 .text.avr-libc.fplib
                0x00000a74        0xa /usr/lib/gcc/avr/4.3.5/../../../avr/lib/avr4/libm.a(fixsfsi.o)
                0x00000a74                __fixsfsi
 .text.avr-libc.fplib
                0x00000a7e       0x58 /usr/lib/gcc/avr/4.3.5/../../../avr/lib/avr4/libm.a(fixunssfsi.o)
                0x00000a7e                __fixunssfsi
 .text.avr-libc.fplib
                0x00000ad6       0x7a /usr/lib/gcc/avr/4.3.5/../../../avr/lib/avr4/libm.a(floatsisf.o)
                0x00000ad6                __floatunsisf
                0x00000ada                __floatsisf
 .text.avr-libc.fplib
                0x00000b50        0xc /usr/lib/gcc/avr/4.3.5/../../../avr/lib/avr4/libm.a(fp_inf.o)
                0x00000b50                __fp_inf
 .text.avr-libc.fplib
                0x00000b5c        0x6 /usr/lib/gcc/avr/4.3.5/../../../avr/lib/avr4/libm.a(fp_nan.o)
                0x00000b5c                __fp_nan
 .text.avr-libc.fplib
                0x00000b62        0xe /usr/lib/gcc/avr/4.3.5/../../../avr/lib/avr4/libm.a(fp_pscA.o)
                0x00000b62                __fp_pscA
 .text.avr-libc.fplib
                0x00000b70        0xe /usr/lib/gcc/avr/4.3.5/../../../avr/lib/avr4/libm.a(fp_pscB.o)
                0x00000b70                __fp_pscB
 .text.avr-libc.fplib
                0x00000b7e       0x22 /usr/lib/gcc/avr/4.3.5/../../../avr/lib/avr4/libm.a(fp_round.o)
                0x00000b7e                __fp_round
 .text.avr-libc.fplib
                0x00000ba0       0x44 /usr/lib/gcc/avr/4.3.5/../../../avr/lib/avr4/libm.a(fp_split3.o)
                0x00000ba0                __fp_split3
                0x00000bb0                __fp_splitA
 .text.avr-libc.fplib
                0x00000be4        0xe /usr/lib/gcc/avr/4.3.5/../../../avr/lib/avr4/libm.a(fp_zero.o)
                0x00000be4                __fp_zero
                0x00000be6                __fp_szero
 .text.avr-libc.fplib
                0x00000bf2        0x4 /usr/lib/gcc/avr/4.3.5/../../../avr/lib/avr4/libm.a(mulsf3.o)
                0x00000bf2                __mulsf3
 .text.avr-libc.fplib
                0x00000bf6       0xc2 /usr/lib/gcc/avr/4.3.5/../../../avr/lib/avr4/libm.a(mulsf3x.o)
                0x00000c0a                __mulsf3x
                0x00000c0e                __mulsf3_pse
 .text.libgcc   0x00000cb8        0x0 /usr/lib/gcc/avr/4.3.5/avr4/libgcc.a(_exit.o)
 .text.libgcc   0x00000cb8        0x0 /usr/lib/gcc/avr/4.3.5/avr4/libgcc.a(_copy_data.o)
 .text.libgcc   0x00000cb8        0x0 /usr/lib/gcc/avr/4.3.5/avr4/libgcc.a(_clear_bss.o)
 .text.avr-libc
                0x00000cb8       0x16 /usr/lib/gcc/avr/4.3.5/../../../avr/lib/avr4/libc.a(strcat.o)
                0x00000cb8                strcat
 .text.avr-libc
                0x00000cce        0xe /usr/lib/gcc/avr/4.3.5/../../../avr/lib/avr4/libc.a(strcpy.o)
                0x00000cce                strcpy
 .text.avr-libc
                0x00000cdc       0x3e /usr/lib/gcc/avr/4.3.5/../../../avr/lib/avr4/libc.a(itoa.o)
                0x00000cdc                itoa
 .text.avr-libc
                0x00000d1a      0x39c /usr/lib/gcc/avr/4.3.5/../../../avr/lib/avr4/libc.a(vfprintf_std.o)
                0x00000d1a                vfprintf
 .text.avr-libc
                0x000010b6       0x16 /usr/lib/gcc/avr/4.3.5/../../../avr/lib/avr4/libc.a(strnlen_P.o)
                0x000010b6                strnlen_P
 .text.avr-libc
                0x000010cc       0x16 /usr/lib/gcc/avr/4.3.5/../../../avr/lib/avr4/libc.a(strnlen.o)
                0x000010cc                strnlen
 .text.avr-libc
                0x000010e2       0x20 /usr/lib/gcc/avr/4.3.5/../../../avr/lib/avr4/libc.a(strrev.o)
                0x000010e2                strrev
 .text.avr-libc
                0x00001102       0x58 /usr/lib/gcc/avr/4.3.5/../../../avr/lib/avr4/libc.a(fputc.o)
                0x00001102                fputc
 .text.avr-libc
                0x0000115a       0xbc /usr/lib/gcc/avr/4.3.5/../../../avr/lib/avr4/libc.a(ultoa_invert.o)
                0x0000115a                __ultoa_invert
 .text.libgcc   0x00001216       0x28 /usr/lib/gcc/avr/4.3.5/avr4/libgcc.a(_udivmodhi4.o)
                0x00001216                __udivmodhi4
 .text.libgcc   0x0000123e       0x38 /usr/lib/gcc/avr/4.3.5/avr4/libgcc.a(_prologue.o)
                0x0000123e                __prologue_saves__
 .text.libgcc   0x00001276       0x36 /usr/lib/gcc/avr/4.3.5/avr4/libgcc.a(_epilogue.o)
                0x00001276                __epilogue_restores__
                0x000012ac                . = ALIGN (0x2)
 *(.fini9)
 .fini9         0x000012ac        0x0 /usr/lib/gcc/avr/4.3.5/avr4/libgcc.a(_exit.o)
                0x000012ac                exit
                0x000012ac                _exit
 *(.fini9)
 *(.fini8)
 *(.fini8)
 *(.fini7)
 *(.fini7)
 *(.fini6)
 *(.fini6)
 *(.fini5)
 *(.fini5)
 *(.fini4)
 *(.fini4)
 *(.fini3)
 *(.fini3)
 *(.fini2)
 *(.fini2)
 *(.fini1)
 *(.fini1)
 *(.fini0)
 .fini0         0x000012ac        0x4 /usr/lib/gcc/avr/4.3.5/avr4/libgcc.a(_exit.o)
 *(.fini0)
                0x000012b0                _etext = .

.data           0x00800060       0x42 load address 0x000012b0
                0x00800060                PROVIDE (__data_start, .)
 *(.data)
 .data          0x00800060        0x0 /usr/lib/gcc/avr/4.3.5/../../../avr/lib/avr4/crtm8.o
 .data          0x00800060       0x42 main.o
                0x00800069                uart_tx_flag
                0x0080006a                nRepeatTransmit
                0x0080006c                nProtocol
                0x0080006e                nPulseLength
 .data          0x008000a2        0x0 /usr/lib/gcc/avr/4.3.5/../../../avr/lib/avr4/libm.a(addsf3.o)
 .data          0x008000a2        0x0 /usr/lib/gcc/avr/4.3.5/../../../avr/lib/avr4/libm.a(addsf3x.o)
 .data          0x008000a2        0x0 /usr/lib/gcc/avr/4.3.5/../../../avr/lib/avr4/libm.a(divsf3.o)
 .data          0x008000a2        0x0 /usr/lib/gcc/avr/4.3.5/../../../avr/lib/avr4/libm.a(divsf3x.o)
 .data          0x008000a2        0x0 /usr/lib/gcc/avr/4.3.5/../../../avr/lib/avr4/libm.a(fixsfsi.o)
 .data          0x008000a2        0x0 /usr/lib/gcc/avr/4.3.5/../../../avr/lib/avr4/libm.a(fixunssfsi.o)
 .data          0x008000a2        0x0 /usr/lib/gcc/avr/4.3.5/../../../avr/lib/avr4/libm.a(floatsisf.o)
 .data          0x008000a2        0x0 /usr/lib/gcc/avr/4.3.5/../../../avr/lib/avr4/libm.a(fp_inf.o)
 .data          0x008000a2        0x0 /usr/lib/gcc/avr/4.3.5/../../../avr/lib/avr4/libm.a(fp_nan.o)
 .data          0x008000a2        0x0 /usr/lib/gcc/avr/4.3.5/../../../avr/lib/avr4/libm.a(fp_pscA.o)
 .data          0x008000a2        0x0 /usr/lib/gcc/avr/4.3.5/../../../avr/lib/avr4/libm.a(fp_pscB.o)
 .data          0x008000a2        0x0 /usr/lib/gcc/avr/4.3.5/../../../avr/lib/avr4/libm.a(fp_round.o)
 .data          0x008000a2        0x0 /usr/lib/gcc/avr/4.3.5/../../../avr/lib/avr4/libm.a(fp_split3.o)
 .data          0x008000a2        0x0 /usr/lib/gcc/avr/4.3.5/../../../avr/lib/avr4/libm.a(fp_zero.o)
 .data          0x008000a2        0x0 /usr/lib/gcc/avr/4.3.5/../../../avr/lib/avr4/libm.a(mulsf3.o)
 .data          0x008000a2        0x0 /usr/lib/gcc/avr/4.3.5/../../../avr/lib/avr4/libm.a(mulsf3x.o)
 .data          0x008000a2        0x0 /usr/lib/gcc/avr/4.3.5/avr4/libgcc.a(_exit.o)
 .data          0x008000a2        0x0 /usr/lib/gcc/avr/4.3.5/avr4/libgcc.a(_copy_data.o)
 .data          0x008000a2        0x0 /usr/lib/gcc/avr/4.3.5/avr4/libgcc.a(_clear_bss.o)
 .data          0x008000a2        0x0 /usr/lib/gcc/avr/4.3.5/../../../avr/lib/avr4/libc.a(strcat.o)
 .data          0x008000a2        0x0 /usr/lib/gcc/avr/4.3.5/../../../avr/lib/avr4/libc.a(strcpy.o)
 .data          0x008000a2        0x0 /usr/lib/gcc/avr/4.3.5/../../../avr/lib/avr4/libc.a(itoa.o)
 .data          0x008000a2        0x0 /usr/lib/gcc/avr/4.3.5/../../../avr/lib/avr4/libc.a(vfprintf_std.o)
 .data          0x008000a2        0x0 /usr/lib/gcc/avr/4.3.5/../../../avr/lib/avr4/libc.a(strnlen_P.o)
 .data          0x008000a2        0x0 /usr/lib/gcc/avr/4.3.5/../../../avr/lib/avr4/libc.a(strnlen.o)
 .data          0x008000a2        0x0 /usr/lib/gcc/avr/4.3.5/../../../avr/lib/avr4/libc.a(strrev.o)
 .data          0x008000a2        0x0 /usr/lib/gcc/avr/4.3.5/../../../avr/lib/avr4/libc.a(fputc.o)
 .data          0x008000a2        0x0 /usr/lib/gcc/avr/4.3.5/../../../avr/lib/avr4/libc.a(ultoa_invert.o)
 .data          0x008000a2        0x0 /usr/lib/gcc/avr/4.3.5/avr4/libgcc.a(_udivmodhi4.o)
 .data          0x008000a2        0x0 /usr/lib/gcc/avr/4.3.5/avr4/libgcc.a(_prologue.o)
 .data          0x008000a2        0x0 /usr/lib/gcc/avr/4.3.5/avr4/libgcc.a(_epilogue.o)
 *(.data*)
 *(.rodata)
 *(.rodata*)
 *(.gnu.linkonce.d*)
                0x008000a2                . = ALIGN (0x2)
                0x008000a2                _edata = .
                0x008000a2                PROVIDE (__data_end, .)

.bss            0x008000a2      0x24f
                0x008000a2                PROVIDE (__bss_start, .)
 *(.bss)
 .bss           0x008000a2        0x0 /usr/lib/gcc/avr/4.3.5/../../../avr/lib/avr4/crtm8.o
 .bss           0x008000a2       0x4f main.o
                0x008000a2                uart_rx_flag
 .bss           0x008000f1        0x0 /usr/lib/gcc/avr/4.3.5/../../../avr/lib/avr4/libm.a(addsf3.o)
 .bss           0x008000f1        0x0 /usr/lib/gcc/avr/4.3.5/../../../avr/lib/avr4/libm.a(addsf3x.o)
 .bss           0x008000f1        0x0 /usr/lib/gcc/avr/4.3.5/../../../avr/lib/avr4/libm.a(divsf3.o)
 .bss           0x008000f1        0x0 /usr/lib/gcc/avr/4.3.5/../../../avr/lib/avr4/libm.a(divsf3x.o)
 .bss           0x008000f1        0x0 /usr/lib/gcc/avr/4.3.5/../../../avr/lib/avr4/libm.a(fixsfsi.o)
 .bss           0x008000f1        0x0 /usr/lib/gcc/avr/4.3.5/../../../avr/lib/avr4/libm.a(fixunssfsi.o)
 .bss           0x008000f1        0x0 /usr/lib/gcc/avr/4.3.5/../../../avr/lib/avr4/libm.a(floatsisf.o)
 .bss           0x008000f1        0x0 /usr/lib/gcc/avr/4.3.5/../../../avr/lib/avr4/libm.a(fp_inf.o)
 .bss           0x008000f1        0x0 /usr/lib/gcc/avr/4.3.5/../../../avr/lib/avr4/libm.a(fp_nan.o)
 .bss           0x008000f1        0x0 /usr/lib/gcc/avr/4.3.5/../../../avr/lib/avr4/libm.a(fp_pscA.o)
 .bss           0x008000f1        0x0 /usr/lib/gcc/avr/4.3.5/../../../avr/lib/avr4/libm.a(fp_pscB.o)
 .bss           0x008000f1        0x0 /usr/lib/gcc/avr/4.3.5/../../../avr/lib/avr4/libm.a(fp_round.o)
 .bss           0x008000f1        0x0 /usr/lib/gcc/avr/4.3.5/../../../avr/lib/avr4/libm.a(fp_split3.o)
 .bss           0x008000f1        0x0 /usr/lib/gcc/avr/4.3.5/../../../avr/lib/avr4/libm.a(fp_zero.o)
 .bss           0x008000f1        0x0 /usr/lib/gcc/avr/4.3.5/../../../avr/lib/avr4/libm.a(mulsf3.o)
 .bss           0x008000f1        0x0 /usr/lib/gcc/avr/4.3.5/../../../avr/lib/avr4/libm.a(mulsf3x.o)
 .bss           0x008000f1        0x0 /usr/lib/gcc/avr/4.3.5/avr4/libgcc.a(_exit.o)
 .bss           0x008000f1        0x0 /usr/lib/gcc/avr/4.3.5/avr4/libgcc.a(_copy_data.o)
 .bss           0x008000f1        0x0 /usr/lib/gcc/avr/4.3.5/avr4/libgcc.a(_clear_bss.o)
 .bss           0x008000f1        0x0 /usr/lib/gcc/avr/4.3.5/../../../avr/lib/avr4/libc.a(strcat.o)
 .bss           0x008000f1        0x0 /usr/lib/gcc/avr/4.3.5/../../../avr/lib/avr4/libc.a(strcpy.o)
 .bss           0x008000f1        0x0 /usr/lib/gcc/avr/4.3.5/../../../avr/lib/avr4/libc.a(itoa.o)
 .bss           0x008000f1        0x0 /usr/lib/gcc/avr/4.3.5/../../../avr/lib/avr4/libc.a(vfprintf_std.o)
 .bss           0x008000f1        0x0 /usr/lib/gcc/avr/4.3.5/../../../avr/lib/avr4/libc.a(strnlen_P.o)
 .bss           0x008000f1        0x0 /usr/lib/gcc/avr/4.3.5/../../../avr/lib/avr4/libc.a(strnlen.o)
 .bss           0x008000f1        0x0 /usr/lib/gcc/avr/4.3.5/../../../avr/lib/avr4/libc.a(strrev.o)
 .bss           0x008000f1        0x0 /usr/lib/gcc/avr/4.3.5/../../../avr/lib/avr4/libc.a(fputc.o)
 .bss           0x008000f1        0x0 /usr/lib/gcc/avr/4.3.5/../../../avr/lib/avr4/libc.a(ultoa_invert.o)
 .bss           0x008000f1        0x0 /usr/lib/gcc/avr/4.3.5/avr4/libgcc.a(_udivmodhi4.o)
 .bss           0x008000f1        0x0 /usr/lib/gcc/avr/4.3.5/avr4/libgcc.a(_prologue.o)
 .bss           0x008000f1        0x0 /usr/lib/gcc/avr/4.3.5/avr4/libgcc.a(_epilogue.o)
 *(.bss*)
 *(COMMON)
 COMMON         0x008000f1      0x200 main.o
                0x008000f1                uart_tx_buffer
                0x008001f1                uart_rx_buffer
                0x008002f1                PROVIDE (__bss_end, .)
                0x000012b0                __data_load_start = LOADADDR (.data)
                0x000012f2                __data_load_end = (__data_load_start + SIZEOF (.data))

.noinit         0x008002f1        0x0
                0x008002f1                PROVIDE (__noinit_start, .)
 *(.noinit*)
                0x008002f1                PROVIDE (__noinit_end, .)
                0x008002f1                _end = .
                0x008002f1                PROVIDE (__heap_start, .)

.eeprom         0x00810000        0x0
 *(.eeprom*)
                0x00810000                __eeprom_end = .

.fuse
 *(.fuse)
 *(.lfuse)
 *(.hfuse)
 *(.efuse)

.lock
 *(.lock*)

.signature
 *(.signature*)

.stab           0x00000000     0x4c80
 *(.stab)
 .stab          0x00000000      0x6b4 /usr/lib/gcc/avr/4.3.5/../../../avr/lib/avr4/crtm8.o
 .stab          0x000006b4     0x1518 main.o
                               0x1524 (size before relaxing)
 .stab          0x00001bcc       0x78 /usr/lib/gcc/avr/4.3.5/../../../avr/lib/avr4/libm.a(addsf3.o)
                                 0x84 (size before relaxing)
 .stab          0x00001c44      0x4bc /usr/lib/gcc/avr/4.3.5/../../../avr/lib/avr4/libm.a(addsf3x.o)
                                0x4c8 (size before relaxing)
 .stab          0x00002100       0x48 /usr/lib/gcc/avr/4.3.5/../../../avr/lib/avr4/libm.a(divsf3.o)
                                 0x54 (size before relaxing)
 .stab          0x00002148      0x510 /usr/lib/gcc/avr/4.3.5/../../../avr/lib/avr4/libm.a(divsf3x.o)
                                0x51c (size before relaxing)
 .stab          0x00002658       0x6c /usr/lib/gcc/avr/4.3.5/../../../avr/lib/avr4/libm.a(fixsfsi.o)
                                 0x78 (size before relaxing)
 .stab          0x000026c4      0x240 /usr/lib/gcc/avr/4.3.5/../../../avr/lib/avr4/libm.a(fixunssfsi.o)
                                0x24c (size before relaxing)
 .stab          0x00002904      0x318 /usr/lib/gcc/avr/4.3.5/../../../avr/lib/avr4/libm.a(floatsisf.o)
                                0x324 (size before relaxing)
 .stab          0x00002c1c       0x78 /usr/lib/gcc/avr/4.3.5/../../../avr/lib/avr4/libm.a(fp_inf.o)
                                 0x84 (size before relaxing)
 .stab          0x00002c94       0x54 /usr/lib/gcc/avr/4.3.5/../../../avr/lib/avr4/libm.a(fp_nan.o)
                                 0x60 (size before relaxing)
 .stab          0x00002ce8       0x84 /usr/lib/gcc/avr/4.3.5/../../../avr/lib/avr4/libm.a(fp_pscA.o)
                                 0x90 (size before relaxing)
 .stab          0x00002d6c       0x84 /usr/lib/gcc/avr/4.3.5/../../../avr/lib/avr4/libm.a(fp_pscB.o)
                                 0x90 (size before relaxing)
 .stab          0x00002df0       0xfc /usr/lib/gcc/avr/4.3.5/../../../avr/lib/avr4/libm.a(fp_round.o)
                                0x108 (size before relaxing)
 .stab          0x00002eec      0x1d4 /usr/lib/gcc/avr/4.3.5/../../../avr/lib/avr4/libm.a(fp_split3.o)
                                0x1e0 (size before relaxing)
 .stab          0x000030c0       0x90 /usr/lib/gcc/avr/4.3.5/../../../avr/lib/avr4/libm.a(fp_zero.o)
                                 0x9c (size before relaxing)
 .stab          0x00003150       0x48 /usr/lib/gcc/avr/4.3.5/../../../avr/lib/avr4/libm.a(mulsf3.o)
                                 0x54 (size before relaxing)
 .stab          0x00003198      0x4d4 /usr/lib/gcc/avr/4.3.5/../../../avr/lib/avr4/libm.a(mulsf3x.o)
                                0x4e0 (size before relaxing)
 .stab          0x0000366c       0x9c /usr/lib/gcc/avr/4.3.5/../../../avr/lib/avr4/libc.a(strcat.o)
                                 0xa8 (size before relaxing)
 .stab          0x00003708       0x6c /usr/lib/gcc/avr/4.3.5/../../../avr/lib/avr4/libc.a(strcpy.o)
                                 0x78 (size before relaxing)
 .stab          0x00003774      0x1b0 /usr/lib/gcc/avr/4.3.5/../../../avr/lib/avr4/libc.a(itoa.o)
                                0x1bc (size before relaxing)
 .stab          0x00003924      0xaf8 /usr/lib/gcc/avr/4.3.5/../../../avr/lib/avr4/libc.a(vfprintf_std.o)
                                0xb58 (size before relaxing)
 .stab          0x0000441c       0x9c /usr/lib/gcc/avr/4.3.5/../../../avr/lib/avr4/libc.a(strnlen_P.o)
                                 0xa8 (size before relaxing)
 .stab          0x000044b8       0x9c /usr/lib/gcc/avr/4.3.5/../../../avr/lib/avr4/libc.a(strnlen.o)
                                 0xa8 (size before relaxing)
 .stab          0x00004554       0xd8 /usr/lib/gcc/avr/4.3.5/../../../avr/lib/avr4/libc.a(strrev.o)
                                 0xe4 (size before relaxing)
 .stab          0x0000462c      0x1d4 /usr/lib/gcc/avr/4.3.5/../../../avr/lib/avr4/libc.a(fputc.o)
                                0x3b4 (size before relaxing)
 .stab          0x00004800      0x480 /usr/lib/gcc/avr/4.3.5/../../../avr/lib/avr4/libc.a(ultoa_invert.o)
                                0x48c (size before relaxing)

.stabstr        0x00000000     0x1c0c
 *(.stabstr)
 .stabstr       0x00000000     0x1c0c /usr/lib/gcc/avr/4.3.5/../../../avr/lib/avr4/crtm8.o

.stab.excl
 *(.stab.excl)

.stab.exclstr
 *(.stab.exclstr)

.stab.index
 *(.stab.index)

.stab.indexstr
 *(.stab.indexstr)

.comment
 *(.comment)

.debug
 *(.debug)

.line
 *(.line)

.debug_srcinfo
 *(.debug_srcinfo)

.debug_sfnames
 *(.debug_sfnames)

.debug_aranges
 *(.debug_aranges)

.debug_pubnames
 *(.debug_pubnames)

.debug_info
 *(.debug_info)
 *(.gnu.linkonce.wi.*)

.debug_abbrev
 *(.debug_abbrev)

.debug_line
 *(.debug_line)

.debug_frame
 *(.debug_frame)

.debug_str
 *(.debug_str)

.debug_loc
 *(.debug_loc)

.debug_macinfo
 *(.debug_macinfo)
OUTPUT(main.elf elf32-avr)
LOAD linker stubs

Cross Reference Table

Symbol                                            File
__addsf3                                          /usr/lib/gcc/avr/4.3.5/../../../avr/lib/avr4/libm.a(addsf3.o)
__addsf3x                                         /usr/lib/gcc/avr/4.3.5/../../../avr/lib/avr4/libm.a(addsf3x.o)
                                                  /usr/lib/gcc/avr/4.3.5/../../../avr/lib/avr4/libm.a(addsf3.o)
__bad_interrupt                                   /usr/lib/gcc/avr/4.3.5/../../../avr/lib/avr4/crtm8.o
__bss_end                                         /usr/lib/gcc/avr/4.3.5/avr4/libgcc.a(_clear_bss.o)
__bss_start                                       /usr/lib/gcc/avr/4.3.5/avr4/libgcc.a(_clear_bss.o)
__data_end                                        /usr/lib/gcc/avr/4.3.5/avr4/libgcc.a(_copy_data.o)
__data_load_start                                 /usr/lib/gcc/avr/4.3.5/avr4/libgcc.a(_copy_data.o)
__data_start                                      /usr/lib/gcc/avr/4.3.5/avr4/libgcc.a(_copy_data.o)
__divsf3                                          /usr/lib/gcc/avr/4.3.5/../../../avr/lib/avr4/libm.a(divsf3.o)
                                                  main.o
__divsf3_pse                                      /usr/lib/gcc/avr/4.3.5/../../../avr/lib/avr4/libm.a(divsf3x.o)
__divsf3x                                         /usr/lib/gcc/avr/4.3.5/../../../avr/lib/avr4/libm.a(divsf3x.o)
                                                  /usr/lib/gcc/avr/4.3.5/../../../avr/lib/avr4/libm.a(divsf3.o)
__do_clear_bss                                    /usr/lib/gcc/avr/4.3.5/avr4/libgcc.a(_clear_bss.o)
                                                  main.o
__do_copy_data                                    /usr/lib/gcc/avr/4.3.5/avr4/libgcc.a(_copy_data.o)
                                                  main.o
__epilogue_restores__                             /usr/lib/gcc/avr/4.3.5/avr4/libgcc.a(_epilogue.o)
                                                  /usr/lib/gcc/avr/4.3.5/../../../avr/lib/avr4/libc.a(vfprintf_std.o)
__fixsfsi                                         /usr/lib/gcc/avr/4.3.5/../../../avr/lib/avr4/libm.a(fixsfsi.o)
                                                  main.o
__fixunssfsi                                      /usr/lib/gcc/avr/4.3.5/../../../avr/lib/avr4/libm.a(fixunssfsi.o)
                                                  /usr/lib/gcc/avr/4.3.5/../../../avr/lib/avr4/libm.a(fixsfsi.o)
__floatsisf                                       /usr/lib/gcc/avr/4.3.5/../../../avr/lib/avr4/libm.a(floatsisf.o)
                                                  main.o
__floatunsisf                                     /usr/lib/gcc/avr/4.3.5/../../../avr/lib/avr4/libm.a(floatsisf.o)
__fp_inf                                          /usr/lib/gcc/avr/4.3.5/../../../avr/lib/avr4/libm.a(fp_inf.o)
                                                  /usr/lib/gcc/avr/4.3.5/../../../avr/lib/avr4/libm.a(mulsf3x.o)
                                                  /usr/lib/gcc/avr/4.3.5/../../../avr/lib/avr4/libm.a(divsf3x.o)
                                                  /usr/lib/gcc/avr/4.3.5/../../../avr/lib/avr4/libm.a(addsf3x.o)
__fp_nan                                          /usr/lib/gcc/avr/4.3.5/../../../avr/lib/avr4/libm.a(fp_nan.o)
                                                  /usr/lib/gcc/avr/4.3.5/../../../avr/lib/avr4/libm.a(mulsf3x.o)
                                                  /usr/lib/gcc/avr/4.3.5/../../../avr/lib/avr4/libm.a(divsf3x.o)
                                                  /usr/lib/gcc/avr/4.3.5/../../../avr/lib/avr4/libm.a(addsf3x.o)
__fp_pscA                                         /usr/lib/gcc/avr/4.3.5/../../../avr/lib/avr4/libm.a(fp_pscA.o)
                                                  /usr/lib/gcc/avr/4.3.5/../../../avr/lib/avr4/libm.a(mulsf3x.o)
                                                  /usr/lib/gcc/avr/4.3.5/../../../avr/lib/avr4/libm.a(divsf3x.o)
                                                  /usr/lib/gcc/avr/4.3.5/../../../avr/lib/avr4/libm.a(addsf3x.o)
__fp_pscB                                         /usr/lib/gcc/avr/4.3.5/../../../avr/lib/avr4/libm.a(fp_pscB.o)
                                                  /usr/lib/gcc/avr/4.3.5/../../../avr/lib/avr4/libm.a(mulsf3x.o)
                                                  /usr/lib/gcc/avr/4.3.5/../../../avr/lib/avr4/libm.a(divsf3x.o)
                                                  /usr/lib/gcc/avr/4.3.5/../../../avr/lib/avr4/libm.a(addsf3x.o)
__fp_round                                        /usr/lib/gcc/avr/4.3.5/../../../avr/lib/avr4/libm.a(fp_round.o)
                                                  /usr/lib/gcc/avr/4.3.5/../../../avr/lib/avr4/libm.a(mulsf3.o)
                                                  /usr/lib/gcc/avr/4.3.5/../../../avr/lib/avr4/libm.a(divsf3.o)
                                                  /usr/lib/gcc/avr/4.3.5/../../../avr/lib/avr4/libm.a(addsf3.o)
__fp_split3                                       /usr/lib/gcc/avr/4.3.5/../../../avr/lib/avr4/libm.a(fp_split3.o)
                                                  /usr/lib/gcc/avr/4.3.5/../../../avr/lib/avr4/libm.a(mulsf3x.o)
                                                  /usr/lib/gcc/avr/4.3.5/../../../avr/lib/avr4/libm.a(divsf3x.o)
                                                  /usr/lib/gcc/avr/4.3.5/../../../avr/lib/avr4/libm.a(addsf3x.o)
__fp_splitA                                       /usr/lib/gcc/avr/4.3.5/../../../avr/lib/avr4/libm.a(fp_split3.o)
                                                  /usr/lib/gcc/avr/4.3.5/../../../avr/lib/avr4/libm.a(fixunssfsi.o)
__fp_szero                                        /usr/lib/gcc/avr/4.3.5/../../../avr/lib/avr4/libm.a(fp_zero.o)
                                                  /usr/lib/gcc/avr/4.3.5/../../../avr/lib/avr4/libm.a(mulsf3x.o)
                                                  /usr/lib/gcc/avr/4.3.5/../../../avr/lib/avr4/libm.a(fixsfsi.o)
                                                  /usr/lib/gcc/avr/4.3.5/../../../avr/lib/avr4/libm.a(divsf3x.o)
__fp_zero                                         /usr/lib/gcc/avr/4.3.5/../../../avr/lib/avr4/libm.a(fp_zero.o)
                                                  /usr/lib/gcc/avr/4.3.5/../../../avr/lib/avr4/libm.a(fixunssfsi.o)
                                                  /usr/lib/gcc/avr/4.3.5/../../../avr/lib/avr4/libm.a(addsf3x.o)
__heap_end                                        /usr/lib/gcc/avr/4.3.5/../../../avr/lib/avr4/crtm8.o
__init                                            /usr/lib/gcc/avr/4.3.5/../../../avr/lib/avr4/crtm8.o
__mulsf3                                          /usr/lib/gcc/avr/4.3.5/../../../avr/lib/avr4/libm.a(mulsf3.o)
                                                  main.o
__mulsf3_pse                                      /usr/lib/gcc/avr/4.3.5/../../../avr/lib/avr4/libm.a(mulsf3x.o)
__mulsf3x                                         /usr/lib/gcc/avr/4.3.5/../../../avr/lib/avr4/libm.a(mulsf3x.o)
                                                  /usr/lib/gcc/avr/4.3.5/../../../avr/lib/avr4/libm.a(mulsf3.o)
__prologue_saves__                                /usr/lib/gcc/avr/4.3.5/avr4/libgcc.a(_prologue.o)
                                                  /usr/lib/gcc/avr/4.3.5/../../../avr/lib/avr4/libc.a(vfprintf_std.o)
__stack                                           /usr/lib/gcc/avr/4.3.5/../../../avr/lib/avr4/crtm8.o
__subsf3                                          /usr/lib/gcc/avr/4.3.5/../../../avr/lib/avr4/libm.a(addsf3.o)
                                                  main.o
__udivmodhi4                                      /usr/lib/gcc/avr/4.3.5/avr4/libgcc.a(_udivmodhi4.o)
                                                  /usr/lib/gcc/avr/4.3.5/../../../avr/lib/avr4/libc.a(itoa.o)
__ultoa_invert                                    /usr/lib/gcc/avr/4.3.5/../../../avr/lib/avr4/libc.a(ultoa_invert.o)
                                                  /usr/lib/gcc/avr/4.3.5/../../../avr/lib/avr4/libc.a(vfprintf_std.o)
__vector_1                                        /usr/lib/gcc/avr/4.3.5/../../../avr/lib/avr4/crtm8.o
__vector_10                                       /usr/lib/gcc/avr/4.3.5/../../../avr/lib/avr4/crtm8.o
__vector_11                                       main.o
                                                  /usr/lib/gcc/avr/4.3.5/../../../avr/lib/avr4/crtm8.o
__vector_12                                       main.o
                                                  /usr/lib/gcc/avr/4.3.5/../../../avr/lib/avr4/crtm8.o
__vector_13                                       /usr/lib/gcc/avr/4.3.5/../../../avr/lib/avr4/crtm8.o
__vector_14                                       /usr/lib/gcc/avr/4.3.5/../../../avr/lib/avr4/crtm8.o
__vector_15                                       /usr/lib/gcc/avr/4.3.5/../../../avr/lib/avr4/crtm8.o
__vector_16                                       /usr/lib/gcc/avr/4.3.5/../../../avr/lib/avr4/crtm8.o
__vector_17                                       /usr/lib/gcc/avr/4.3.5/../../../avr/lib/avr4/crtm8.o
__vector_18                                       /usr/lib/gcc/avr/4.3.5/../../../avr/lib/avr4/crtm8.o
__vector_2                                        /usr/lib/gcc/avr/4.3.5/../../../avr/lib/avr4/crtm8.o
__vector_3                                        /usr/lib/gcc/avr/4.3.5/../../../avr/lib/avr4/crtm8.o
__vector_4                                        /usr/lib/gcc/avr/4.3.5/../../../avr/lib/avr4/crtm8.o
__vector_5                                        /usr/lib/gcc/avr/4.3.5/../../../avr/lib/avr4/crtm8.o
__vector_6                                        /usr/lib/gcc/avr/4.3.5/../../../avr/lib/avr4/crtm8.o
__vector_7                                        /usr/lib/gcc/avr/4.3.5/../../../avr/lib/avr4/crtm8.o
__vector_8                                        /usr/lib/gcc/avr/4.3.5/../../../avr/lib/avr4/crtm8.o
__vector_9                                        /usr/lib/gcc/avr/4.3.5/../../../avr/lib/avr4/crtm8.o
__vector_default                                  /usr/lib/gcc/avr/4.3.5/../../../avr/lib/avr4/crtm8.o
__vectors                                         /usr/lib/gcc/avr/4.3.5/../../../avr/lib/avr4/crtm8.o
_exit                                             /usr/lib/gcc/avr/4.3.5/avr4/libgcc.a(_exit.o)
adc2res                                           main.o
dec2binWzerofill                                  main.o
exit                                              /usr/lib/gcc/avr/4.3.5/avr4/libgcc.a(_exit.o)
                                                  /usr/lib/gcc/avr/4.3.5/../../../avr/lib/avr4/crtm8.o
fputc                                             /usr/lib/gcc/avr/4.3.5/../../../avr/lib/avr4/libc.a(fputc.o)
                                                  /usr/lib/gcc/avr/4.3.5/../../../avr/lib/avr4/libc.a(vfprintf_std.o)
getCodeWordA                                      main.o
get_string                                        main.o
itoa                                              /usr/lib/gcc/avr/4.3.5/../../../avr/lib/avr4/libc.a(itoa.o)
                                                  main.o
main                                              main.o
                                                  /usr/lib/gcc/avr/4.3.5/../../../avr/lib/avr4/crtm8.o
nProtocol                                         main.o
nPulseLength                                      main.o
nRepeatTransmit                                   main.o
put_string                                        main.o
res2temp                                          main.o
send0                                             main.o
send1                                             main.o
sendSync                                          main.o
sendT0                                            main.o
sendT1                                            main.o
sendTF                                            main.o
sendTriState                                      main.o
send_ok                                           main.o
strcat                                            /usr/lib/gcc/avr/4.3.5/../../../avr/lib/avr4/libc.a(strcat.o)
                                                  main.o
strcpy                                            /usr/lib/gcc/avr/4.3.5/../../../avr/lib/avr4/libc.a(strcpy.o)
                                                  main.o
strnlen                                           /usr/lib/gcc/avr/4.3.5/../../../avr/lib/avr4/libc.a(strnlen.o)
                                                  /usr/lib/gcc/avr/4.3.5/../../../avr/lib/avr4/libc.a(vfprintf_std.o)
strnlen_P                                         /usr/lib/gcc/avr/4.3.5/../../../avr/lib/avr4/libc.a(strnlen_P.o)
                                                  /usr/lib/gcc/avr/4.3.5/../../../avr/lib/avr4/libc.a(vfprintf_std.o)
strrev                                            /usr/lib/gcc/avr/4.3.5/../../../avr/lib/avr4/libc.a(strrev.o)
                                                  /usr/lib/gcc/avr/4.3.5/../../../avr/lib/avr4/libc.a(itoa.o)
switchOff                                         main.o
switchOn                                          main.o
transmit                                          main.o
uart_rx_buffer                                    main.o
uart_rx_flag                                      main.o
uart_tx_buffer                                    main.o
uart_tx_flag                                      main.o
vfprintf                                          /usr/lib/gcc/avr/4.3.5/../../../avr/lib/avr4/libc.a(vfprintf_std.o)
